<?xml version="1.0"?>
<link_info>
   <banner>TI ARM Linker PC v5.1.6</banner>
   <copyright>Copyright (c) 1996-2014 Texas Instruments Incorporated</copyright>
   <link_time>0x54dcf294</link_time>
   <link_errors>0x0</link_errors>
   <output_file>PIDPOD.out</output_file>
   <entry_point>
      <name>_c_int00</name>
      <address>0x2000ac5d</address>
   </entry_point>
   <input_file_list>
      <input_file id="fl-2">
         <path>.\</path>
         <kind>object</kind>
         <file>MPU9150.obj</file>
         <name>MPU9150.obj</name>
      </input_file>
      <input_file id="fl-3">
         <path>.\</path>
         <kind>object</kind>
         <file>Motors.obj</file>
         <name>Motors.obj</name>
      </input_file>
      <input_file id="fl-4">
         <path>.\</path>
         <kind>object</kind>
         <file>gpio_if.obj</file>
         <name>gpio_if.obj</name>
      </input_file>
      <input_file id="fl-5">
         <path>.\</path>
         <kind>object</kind>
         <file>i2c_if.obj</file>
         <name>i2c_if.obj</name>
      </input_file>
      <input_file id="fl-6">
         <path>.\</path>
         <kind>object</kind>
         <file>imu_control.obj</file>
         <name>imu_control.obj</name>
      </input_file>
      <input_file id="fl-7">
         <path>.\</path>
         <kind>object</kind>
         <file>main.obj</file>
         <name>main.obj</name>
      </input_file>
      <input_file id="fl-8">
         <path>.\</path>
         <kind>object</kind>
         <file>odometer.obj</file>
         <name>odometer.obj</name>
      </input_file>
      <input_file id="fl-9">
         <path>.\</path>
         <kind>object</kind>
         <file>pidpod_gpio.obj</file>
         <name>pidpod_gpio.obj</name>
      </input_file>
      <input_file id="fl-a">
         <path>.\</path>
         <kind>object</kind>
         <file>smartconfig.obj</file>
         <name>smartconfig.obj</name>
      </input_file>
      <input_file id="fl-b">
         <path>.\</path>
         <kind>object</kind>
         <file>startup_ccs.obj</file>
         <name>startup_ccs.obj</name>
      </input_file>
      <input_file id="fl-c">
         <path>.\</path>
         <kind>object</kind>
         <file>uart_if.obj</file>
         <name>uart_if.obj</name>
      </input_file>
      <input_file id="fl-13b">
         <path>c:\ti\ccsv6\tools\compiler\arm_5.1.6\lib\</path>
         <kind>archive</kind>
         <file>rtsv7M4_T_le_eabi.lib</file>
         <name>boot.obj</name>
      </input_file>
      <input_file id="fl-13c">
         <path>c:\ti\ccsv6\tools\compiler\arm_5.1.6\lib\</path>
         <kind>archive</kind>
         <file>rtsv7M4_T_le_eabi.lib</file>
         <name>copy_decompress_none.obj</name>
      </input_file>
      <input_file id="fl-13d">
         <path>c:\ti\ccsv6\tools\compiler\arm_5.1.6\lib\</path>
         <kind>archive</kind>
         <file>rtsv7M4_T_le_eabi.lib</file>
         <name>copy_decompress_rle.obj</name>
      </input_file>
      <input_file id="fl-13e">
         <path>c:\ti\ccsv6\tools\compiler\arm_5.1.6\lib\</path>
         <kind>archive</kind>
         <file>rtsv7M4_T_le_eabi.lib</file>
         <name>copy_zero_init.obj</name>
      </input_file>
      <input_file id="fl-13f">
         <path>c:\ti\ccsv6\tools\compiler\arm_5.1.6\lib\</path>
         <kind>archive</kind>
         <file>rtsv7M4_T_le_eabi.lib</file>
         <name>exit.obj</name>
      </input_file>
      <input_file id="fl-140">
         <path>c:\ti\ccsv6\tools\compiler\arm_5.1.6\lib\</path>
         <kind>archive</kind>
         <file>rtsv7M4_T_le_eabi.lib</file>
         <name>fd_add_t2.obj</name>
      </input_file>
      <input_file id="fl-141">
         <path>c:\ti\ccsv6\tools\compiler\arm_5.1.6\lib\</path>
         <kind>archive</kind>
         <file>rtsv7M4_T_le_eabi.lib</file>
         <name>fd_div_t2.obj</name>
      </input_file>
      <input_file id="fl-142">
         <path>c:\ti\ccsv6\tools\compiler\arm_5.1.6\lib\</path>
         <kind>archive</kind>
         <file>rtsv7M4_T_le_eabi.lib</file>
         <name>fd_mul_t2.obj</name>
      </input_file>
      <input_file id="fl-143">
         <path>c:\ti\ccsv6\tools\compiler\arm_5.1.6\lib\</path>
         <kind>archive</kind>
         <file>rtsv7M4_T_le_eabi.lib</file>
         <name>fd_tos_t2.obj</name>
      </input_file>
      <input_file id="fl-144">
         <path>c:\ti\ccsv6\tools\compiler\arm_5.1.6\lib\</path>
         <kind>archive</kind>
         <file>rtsv7M4_T_le_eabi.lib</file>
         <name>fs_add_t2.obj</name>
      </input_file>
      <input_file id="fl-145">
         <path>c:\ti\ccsv6\tools\compiler\arm_5.1.6\lib\</path>
         <kind>archive</kind>
         <file>rtsv7M4_T_le_eabi.lib</file>
         <name>fs_cmp_t2.obj</name>
      </input_file>
      <input_file id="fl-146">
         <path>c:\ti\ccsv6\tools\compiler\arm_5.1.6\lib\</path>
         <kind>archive</kind>
         <file>rtsv7M4_T_le_eabi.lib</file>
         <name>fs_div_t2.obj</name>
      </input_file>
      <input_file id="fl-147">
         <path>c:\ti\ccsv6\tools\compiler\arm_5.1.6\lib\</path>
         <kind>archive</kind>
         <file>rtsv7M4_T_le_eabi.lib</file>
         <name>fs_mul_t2.obj</name>
      </input_file>
      <input_file id="fl-148">
         <path>c:\ti\ccsv6\tools\compiler\arm_5.1.6\lib\</path>
         <kind>archive</kind>
         <file>rtsv7M4_T_le_eabi.lib</file>
         <name>fs_tod_t2.obj</name>
      </input_file>
      <input_file id="fl-149">
         <path>c:\ti\ccsv6\tools\compiler\arm_5.1.6\lib\</path>
         <kind>archive</kind>
         <file>rtsv7M4_T_le_eabi.lib</file>
         <name>fs_toi_t2.obj</name>
      </input_file>
      <input_file id="fl-14a">
         <path>c:\ti\ccsv6\tools\compiler\arm_5.1.6\lib\</path>
         <kind>archive</kind>
         <file>rtsv7M4_T_le_eabi.lib</file>
         <name>i_tofs_t2.obj</name>
      </input_file>
      <input_file id="fl-14b">
         <path>c:\ti\ccsv6\tools\compiler\arm_5.1.6\lib\</path>
         <kind>archive</kind>
         <file>rtsv7M4_T_le_eabi.lib</file>
         <name>memcmp.obj</name>
      </input_file>
      <input_file id="fl-14c">
         <path>c:\ti\ccsv6\tools\compiler\arm_5.1.6\lib\</path>
         <kind>archive</kind>
         <file>rtsv7M4_T_le_eabi.lib</file>
         <name>memcpy_t2.obj</name>
      </input_file>
      <input_file id="fl-14d">
         <path>c:\ti\ccsv6\tools\compiler\arm_5.1.6\lib\</path>
         <kind>archive</kind>
         <file>rtsv7M4_T_le_eabi.lib</file>
         <name>memmov.obj</name>
      </input_file>
      <input_file id="fl-14e">
         <path>c:\ti\ccsv6\tools\compiler\arm_5.1.6\lib\</path>
         <kind>archive</kind>
         <file>rtsv7M4_T_le_eabi.lib</file>
         <name>memory.obj</name>
      </input_file>
      <input_file id="fl-14f">
         <path>c:\ti\ccsv6\tools\compiler\arm_5.1.6\lib\</path>
         <kind>archive</kind>
         <file>rtsv7M4_T_le_eabi.lib</file>
         <name>memset_t2.obj</name>
      </input_file>
      <input_file id="fl-150">
         <path>c:\ti\ccsv6\tools\compiler\arm_5.1.6\lib\</path>
         <kind>archive</kind>
         <file>rtsv7M4_T_le_eabi.lib</file>
         <name>stkdepth_vars.obj</name>
      </input_file>
      <input_file id="fl-151">
         <path>c:\ti\ccsv6\tools\compiler\arm_5.1.6\lib\</path>
         <kind>archive</kind>
         <file>rtsv7M4_T_le_eabi.lib</file>
         <name>strlen.obj</name>
      </input_file>
      <input_file id="fl-152">
         <path>c:\ti\ccsv6\tools\compiler\arm_5.1.6\lib\</path>
         <kind>archive</kind>
         <file>rtsv7M4_T_le_eabi.lib</file>
         <name>vsnprintf.obj</name>
      </input_file>
      <input_file id="fl-153">
         <path>c:\ti\ccsv6\tools\compiler\arm_5.1.6\lib\</path>
         <kind>archive</kind>
         <file>rtsv7M4_T_le_eabi.lib</file>
         <name>_lock.obj</name>
      </input_file>
      <input_file id="fl-154">
         <path>c:\ti\ccsv6\tools\compiler\arm_5.1.6\lib\</path>
         <kind>archive</kind>
         <file>rtsv7M4_T_le_eabi.lib</file>
         <name>_printfi.obj</name>
      </input_file>
      <input_file id="fl-155">
         <path>c:\ti\ccsv6\tools\compiler\arm_5.1.6\lib\</path>
         <kind>archive</kind>
         <file>rtsv7M4_T_le_eabi.lib</file>
         <name>args_main.obj</name>
      </input_file>
      <input_file id="fl-156">
         <path>c:\ti\ccsv6\tools\compiler\arm_5.1.6\lib\</path>
         <kind>archive</kind>
         <file>rtsv7M4_T_le_eabi.lib</file>
         <name>atoi.obj</name>
      </input_file>
      <input_file id="fl-157">
         <path>c:\ti\ccsv6\tools\compiler\arm_5.1.6\lib\</path>
         <kind>archive</kind>
         <file>rtsv7M4_T_le_eabi.lib</file>
         <name>auto_init.obj</name>
      </input_file>
      <input_file id="fl-158">
         <path>c:\ti\ccsv6\tools\compiler\arm_5.1.6\lib\</path>
         <kind>archive</kind>
         <file>rtsv7M4_T_le_eabi.lib</file>
         <name>cpy_tbl.obj</name>
      </input_file>
      <input_file id="fl-159">
         <path>c:\ti\ccsv6\tools\compiler\arm_5.1.6\lib\</path>
         <kind>archive</kind>
         <file>rtsv7M4_T_le_eabi.lib</file>
         <name>ctype.obj</name>
      </input_file>
      <input_file id="fl-15a">
         <path>c:\ti\ccsv6\tools\compiler\arm_5.1.6\lib\</path>
         <kind>archive</kind>
         <file>rtsv7M4_T_le_eabi.lib</file>
         <name>fd_cmp_t2.obj</name>
      </input_file>
      <input_file id="fl-15b">
         <path>c:\ti\ccsv6\tools\compiler\arm_5.1.6\lib\</path>
         <kind>archive</kind>
         <file>rtsv7M4_T_le_eabi.lib</file>
         <name>fd_toi_t2.obj</name>
      </input_file>
      <input_file id="fl-15c">
         <path>c:\ti\ccsv6\tools\compiler\arm_5.1.6\lib\</path>
         <kind>archive</kind>
         <file>rtsv7M4_T_le_eabi.lib</file>
         <name>i_tofd_t2.obj</name>
      </input_file>
      <input_file id="fl-15d">
         <path>c:\ti\ccsv6\tools\compiler\arm_5.1.6\lib\</path>
         <kind>archive</kind>
         <file>rtsv7M4_T_le_eabi.lib</file>
         <name>ll_mul_t2.obj</name>
      </input_file>
      <input_file id="fl-15e">
         <path>c:\ti\ccsv6\tools\compiler\arm_5.1.6\lib\</path>
         <kind>archive</kind>
         <file>rtsv7M4_T_le_eabi.lib</file>
         <name>ltoa.obj</name>
      </input_file>
      <input_file id="fl-15f">
         <path>c:\ti\ccsv6\tools\compiler\arm_5.1.6\lib\</path>
         <kind>archive</kind>
         <file>rtsv7M4_T_le_eabi.lib</file>
         <name>memccpy.obj</name>
      </input_file>
      <input_file id="fl-160">
         <path>c:\ti\ccsv6\tools\compiler\arm_5.1.6\lib\</path>
         <kind>archive</kind>
         <file>rtsv7M4_T_le_eabi.lib</file>
         <name>ull_div_t2.obj</name>
      </input_file>
      <input_file id="fl-161">
         <path>c:\ti\ccsv6\tools\compiler\arm_5.1.6\lib\</path>
         <kind>archive</kind>
         <file>rtsv7M4_T_le_eabi.lib</file>
         <name>xdclass.obj</name>
      </input_file>
      <input_file id="fl-162">
         <path>c:\ti\ccsv6\tools\compiler\arm_5.1.6\lib\</path>
         <kind>archive</kind>
         <file>rtsv7M4_T_le_eabi.lib</file>
         <name>xdtest.obj</name>
      </input_file>
      <input_file id="fl-163">
         <path>C:\ti\CC3200SDK\cc3200-sdk\simplelink\ccs\NON_OS\</path>
         <kind>archive</kind>
         <file>simplelink.a</file>
         <name>device.obj</name>
      </input_file>
      <input_file id="fl-164">
         <path>C:\ti\CC3200SDK\cc3200-sdk\simplelink\ccs\NON_OS\</path>
         <kind>archive</kind>
         <file>simplelink.a</file>
         <name>driver.obj</name>
      </input_file>
      <input_file id="fl-165">
         <path>C:\ti\CC3200SDK\cc3200-sdk\simplelink\ccs\NON_OS\</path>
         <kind>archive</kind>
         <file>simplelink.a</file>
         <name>flowcont.obj</name>
      </input_file>
      <input_file id="fl-166">
         <path>C:\ti\CC3200SDK\cc3200-sdk\simplelink\ccs\NON_OS\</path>
         <kind>archive</kind>
         <file>simplelink.a</file>
         <name>netapp.obj</name>
      </input_file>
      <input_file id="fl-167">
         <path>C:\ti\CC3200SDK\cc3200-sdk\simplelink\ccs\NON_OS\</path>
         <kind>archive</kind>
         <file>simplelink.a</file>
         <name>nonos.obj</name>
      </input_file>
      <input_file id="fl-168">
         <path>C:\ti\CC3200SDK\cc3200-sdk\simplelink\ccs\NON_OS\</path>
         <kind>archive</kind>
         <file>simplelink.a</file>
         <name>socket.obj</name>
      </input_file>
      <input_file id="fl-169">
         <path>C:\ti\CC3200SDK\cc3200-sdk\simplelink\ccs\NON_OS\</path>
         <kind>archive</kind>
         <file>simplelink.a</file>
         <name>wlan.obj</name>
      </input_file>
      <input_file id="fl-16a">
         <path>C:\ti\CC3200SDK\cc3200-sdk\simplelink\ccs\NON_OS\</path>
         <kind>archive</kind>
         <file>simplelink.a</file>
         <name>cc_pal.obj</name>
      </input_file>
      <input_file id="fl-16b">
         <path>C:\ti\CC3200SDK\cc3200-sdk\driverlib\ccs\Release\</path>
         <kind>archive</kind>
         <file>driverlib.a</file>
         <name>gpio.obj</name>
      </input_file>
      <input_file id="fl-16c">
         <path>C:\ti\CC3200SDK\cc3200-sdk\driverlib\ccs\Release\</path>
         <kind>archive</kind>
         <file>driverlib.a</file>
         <name>i2c.obj</name>
      </input_file>
      <input_file id="fl-16d">
         <path>C:\ti\CC3200SDK\cc3200-sdk\driverlib\ccs\Release\</path>
         <kind>archive</kind>
         <file>driverlib.a</file>
         <name>interrupt.obj</name>
      </input_file>
      <input_file id="fl-16e">
         <path>C:\ti\CC3200SDK\cc3200-sdk\driverlib\ccs\Release\</path>
         <kind>archive</kind>
         <file>driverlib.a</file>
         <name>pin.obj</name>
      </input_file>
      <input_file id="fl-16f">
         <path>C:\ti\CC3200SDK\cc3200-sdk\driverlib\ccs\Release\</path>
         <kind>archive</kind>
         <file>driverlib.a</file>
         <name>prcm.obj</name>
      </input_file>
      <input_file id="fl-170">
         <path>C:\ti\CC3200SDK\cc3200-sdk\driverlib\ccs\Release\</path>
         <kind>archive</kind>
         <file>driverlib.a</file>
         <name>spi.obj</name>
      </input_file>
      <input_file id="fl-171">
         <path>C:\ti\CC3200SDK\cc3200-sdk\driverlib\ccs\Release\</path>
         <kind>archive</kind>
         <file>driverlib.a</file>
         <name>timer.obj</name>
      </input_file>
      <input_file id="fl-172">
         <path>C:\ti\CC3200SDK\cc3200-sdk\driverlib\ccs\Release\</path>
         <kind>archive</kind>
         <file>driverlib.a</file>
         <name>uart.obj</name>
      </input_file>
      <input_file id="fl-173">
         <path>C:\ti\CC3200SDK\cc3200-sdk\driverlib\ccs\Release\</path>
         <kind>archive</kind>
         <file>driverlib.a</file>
         <name>udma.obj</name>
      </input_file>
      <input_file id="fl-174">
         <path>C:\ti\CC3200SDK\cc3200-sdk\driverlib\ccs\Release\</path>
         <kind>archive</kind>
         <file>driverlib.a</file>
         <name>utils.obj</name>
      </input_file>
      <input_file id="fl-175">
         <path>C:\ti\CC3200SDK\cc3200-sdk\driverlib\ccs\Release\</path>
         <kind>archive</kind>
         <file>driverlib.a</file>
         <name>cpu.obj</name>
      </input_file>
      <input_file id="fl-176">
         <path>C:\ti\CC3200SDK\cc3200-sdk\driverlib\ccs\Release\</path>
         <kind>archive</kind>
         <file>driverlib.a</file>
         <name>flash.obj</name>
      </input_file>
      <input_file id="fl-177">
         <path>c:\ti\ccsv6\tools\compiler\arm_5.1.6\lib\</path>
         <kind>archive</kind>
         <file>rtsv7M4_T_le_eabi.lib</file>
         <name>ll_lsr_t2.obj</name>
      </input_file>
   </input_file_list>
   <object_component_list>
      <object_component id="oc-e">
         <name>.intvecs</name>
         <load_address>0x20004000</load_address>
         <run_address>0x20004000</run_address>
         <size>0x400</size>
         <input_file_ref idref="fl-b"/>
      </object_component>
      <object_component id="oc-3e2">
         <name>.text</name>
         <load_address>0x20004400</load_address>
         <run_address>0x20004400</run_address>
         <size>0xec0</size>
         <input_file_ref idref="fl-154"/>
      </object_component>
      <object_component id="oc-7d">
         <name>.text</name>
         <load_address>0x200052c0</load_address>
         <run_address>0x200052c0</run_address>
         <size>0x850</size>
         <input_file_ref idref="fl-7"/>
      </object_component>
      <object_component id="oc-1b4">
         <name>.text</name>
         <load_address>0x20005b10</load_address>
         <run_address>0x20005b10</run_address>
         <size>0x3cc</size>
         <input_file_ref idref="fl-14e"/>
      </object_component>
      <object_component id="oc-5ff">
         <name>.text:_SlDrvMsgRead</name>
         <load_address>0x20005edc</load_address>
         <run_address>0x20005edc</run_address>
         <size>0x3b4</size>
         <input_file_ref idref="fl-164"/>
      </object_component>
      <object_component id="oc-12b">
         <name>.text</name>
         <load_address>0x20006290</load_address>
         <run_address>0x20006290</run_address>
         <size>0x354</size>
         <input_file_ref idref="fl-3"/>
      </object_component>
      <object_component id="oc-111">
         <name>.text</name>
         <load_address>0x200065e4</load_address>
         <run_address>0x200065e4</run_address>
         <size>0x354</size>
         <input_file_ref idref="fl-4"/>
      </object_component>
      <object_component id="oc-605">
         <name>.text:_SlAsyncEventGenericHandler</name>
         <load_address>0x20006938</load_address>
         <run_address>0x20006938</run_address>
         <size>0x34c</size>
         <input_file_ref idref="fl-164"/>
      </object_component>
      <object_component id="oc-137">
         <name>.text</name>
         <load_address>0x20006c84</load_address>
         <run_address>0x20006c84</run_address>
         <size>0x33c</size>
         <input_file_ref idref="fl-6"/>
      </object_component>
      <object_component id="oc-125">
         <name>.text</name>
         <load_address>0x20006fc0</load_address>
         <run_address>0x20006fc0</run_address>
         <size>0x290</size>
         <input_file_ref idref="fl-5"/>
      </object_component>
      <object_component id="oc-131">
         <name>.text</name>
         <load_address>0x20007250</load_address>
         <run_address>0x20007250</run_address>
         <size>0x284</size>
         <input_file_ref idref="fl-8"/>
      </object_component>
      <object_component id="oc-c8">
         <name>.text</name>
         <load_address>0x200074d4</load_address>
         <run_address>0x200074d4</run_address>
         <size>0x26c</size>
         <input_file_ref idref="fl-c"/>
      </object_component>
      <object_component id="oc-11f">
         <name>.text</name>
         <load_address>0x20007740</load_address>
         <run_address>0x20007740</run_address>
         <size>0x258</size>
         <input_file_ref idref="fl-9"/>
      </object_component>
      <object_component id="oc-579">
         <name>.text</name>
         <load_address>0x20007998</load_address>
         <run_address>0x20007998</run_address>
         <size>0x1f4</size>
         <input_file_ref idref="fl-160"/>
      </object_component>
      <object_component id="oc-377">
         <name>.text</name>
         <load_address>0x20007b8c</load_address>
         <run_address>0x20007b8c</run_address>
         <size>0x1b6</size>
         <input_file_ref idref="fl-140"/>
      </object_component>
      <object_component id="oc-5f4">
         <name>.text:IntDefaultHandler</name>
         <load_address>0x20007d42</load_address>
         <run_address>0x20007d42</run_address>
         <size>0x2</size>
         <input_file_ref idref="fl-16d"/>
      </object_component>
      <object_component id="oc-659">
         <name>.text:_SlDrvRxHdrRead</name>
         <load_address>0x20007d44</load_address>
         <run_address>0x20007d44</run_address>
         <size>0x140</size>
         <input_file_ref idref="fl-164"/>
      </object_component>
      <object_component id="oc-39a">
         <name>.text</name>
         <load_address>0x20007e84</load_address>
         <run_address>0x20007e84</run_address>
         <size>0x136</size>
         <input_file_ref idref="fl-141"/>
      </object_component>
      <object_component id="oc-c2">
         <name>.text:PRCMCC3200MCUInit</name>
         <load_address>0x20007fbc</load_address>
         <run_address>0x20007fbc</run_address>
         <size>0x134</size>
         <input_file_ref idref="fl-16f"/>
      </object_component>
      <object_component id="oc-1fd">
         <name>.text:spi_Open</name>
         <load_address>0x200080f0</load_address>
         <run_address>0x200080f0</run_address>
         <size>0x128</size>
         <input_file_ref idref="fl-16a"/>
      </object_component>
      <object_component id="oc-203">
         <name>.text:_SlDrvWaitForPoolObj</name>
         <load_address>0x20008218</load_address>
         <run_address>0x20008218</run_address>
         <size>0x118</size>
         <input_file_ref idref="fl-164"/>
      </object_component>
      <object_component id="oc-4c5">
         <name>.text:_SlDrvMsgWrite</name>
         <load_address>0x20008330</load_address>
         <run_address>0x20008330</run_address>
         <size>0x114</size>
         <input_file_ref idref="fl-164"/>
      </object_component>
      <object_component id="oc-227">
         <name>.text:_SlDrvReleasePoolObj</name>
         <load_address>0x20008444</load_address>
         <run_address>0x20008444</run_address>
         <size>0x10c</size>
         <input_file_ref idref="fl-164"/>
      </object_component>
      <object_component id="oc-372">
         <name>.text</name>
         <load_address>0x20008550</load_address>
         <run_address>0x20008550</run_address>
         <size>0xfc</size>
         <input_file_ref idref="fl-142"/>
      </object_component>
      <object_component id="oc-390">
         <name>.text</name>
         <load_address>0x2000864c</load_address>
         <run_address>0x2000864c</run_address>
         <size>0xfa</size>
         <input_file_ref idref="fl-144"/>
      </object_component>
      <object_component id="oc-691">
         <name>.text:uDMAChannelTransferSet</name>
         <load_address>0x20008748</load_address>
         <run_address>0x20008748</run_address>
         <size>0xf0</size>
         <input_file_ref idref="fl-173"/>
      </object_component>
      <object_component id="oc-60c">
         <name>.text:spi_Write</name>
         <load_address>0x20008838</load_address>
         <run_address>0x20008838</run_address>
         <size>0xec</size>
         <input_file_ref idref="fl-16a"/>
      </object_component>
      <object_component id="oc-118">
         <name>.text</name>
         <load_address>0x20008924</load_address>
         <run_address>0x20008924</run_address>
         <size>0xe8</size>
         <input_file_ref idref="fl-a"/>
      </object_component>
      <object_component id="oc-38a">
         <name>.text</name>
         <load_address>0x20008a0c</load_address>
         <run_address>0x20008a0c</run_address>
         <size>0xdc</size>
         <input_file_ref idref="fl-2"/>
      </object_component>
      <object_component id="oc-f9">
         <name>.text:sl_Stop</name>
         <load_address>0x20008ae8</load_address>
         <run_address>0x20008ae8</run_address>
         <size>0xcc</size>
         <input_file_ref idref="fl-163"/>
      </object_component>
      <object_component id="oc-665">
         <name>.text:spi_Read</name>
         <load_address>0x20008bb4</load_address>
         <run_address>0x20008bb4</run_address>
         <size>0xcc</size>
         <input_file_ref idref="fl-16a"/>
      </object_component>
      <object_component id="oc-ed">
         <name>.text:sl_Start</name>
         <load_address>0x20008c80</load_address>
         <run_address>0x20008c80</run_address>
         <size>0xc8</size>
         <input_file_ref idref="fl-163"/>
      </object_component>
      <object_component id="oc-4cb">
         <name>.text:_SlDrvMsgReadCmdCtx</name>
         <load_address>0x20008d48</load_address>
         <run_address>0x20008d48</run_address>
         <size>0xbc</size>
         <input_file_ref idref="fl-164"/>
      </object_component>
      <object_component id="oc-6e7">
         <name>.text:_SlDrvNetAppEventHandler</name>
         <load_address>0x20008e04</load_address>
         <run_address>0x20008e04</run_address>
         <size>0xb2</size>
         <input_file_ref idref="fl-166"/>
      </object_component>
      <object_component id="oc-488">
         <name>.text:IntDisable</name>
         <load_address>0x20008eb8</load_address>
         <run_address>0x20008eb8</run_address>
         <size>0xa8</size>
         <input_file_ref idref="fl-16d"/>
      </object_component>
      <object_component id="oc-bc">
         <name>.text:IntEnable</name>
         <load_address>0x20008f60</load_address>
         <run_address>0x20008f60</run_address>
         <size>0xa8</size>
         <input_file_ref idref="fl-16d"/>
      </object_component>
      <object_component id="oc-421">
         <name>.text:SPIConfigSetExpClk</name>
         <load_address>0x20009008</load_address>
         <run_address>0x20009008</run_address>
         <size>0xa0</size>
         <input_file_ref idref="fl-170"/>
      </object_component>
      <object_component id="oc-4a">
         <name>.text</name>
         <load_address>0x200090a8</load_address>
         <run_address>0x200090a8</run_address>
         <size>0x9c</size>
         <input_file_ref idref="fl-14c"/>
      </object_component>
      <object_component id="oc-66b">
         <name>.text:_SlFindAndSetActiveObj</name>
         <load_address>0x20009144</load_address>
         <run_address>0x20009144</run_address>
         <size>0x98</size>
         <input_file_ref idref="fl-164"/>
      </object_component>
      <object_component id="oc-190">
         <name>.text:PRCMPeripheralClockGet</name>
         <load_address>0x200091dc</load_address>
         <run_address>0x200091dc</run_address>
         <size>0x94</size>
         <input_file_ref idref="fl-16f"/>
      </object_component>
      <object_component id="oc-65f">
         <name>.text:_SlDrvClassifyRxMsg</name>
         <load_address>0x20009270</load_address>
         <run_address>0x20009270</run_address>
         <size>0x94</size>
         <input_file_ref idref="fl-164"/>
      </object_component>
      <object_component id="oc-4b7">
         <name>.text:_SlDrvMsgReadSpawnCtx</name>
         <load_address>0x20009304</load_address>
         <run_address>0x20009304</run_address>
         <size>0x94</size>
         <input_file_ref idref="fl-164"/>
      </object_component>
      <object_component id="oc-35">
         <name>.text</name>
         <load_address>0x20009398</load_address>
         <run_address>0x20009398</run_address>
         <size>0x94</size>
         <input_file_ref idref="fl-157"/>
      </object_component>
      <object_component id="oc-395">
         <name>.text</name>
         <load_address>0x2000942c</load_address>
         <run_address>0x2000942c</run_address>
         <size>0x92</size>
         <input_file_ref idref="fl-146"/>
      </object_component>
      <object_component id="oc-1f7">
         <name>.text:_SlDrvDriverCBInit</name>
         <load_address>0x200094c0</load_address>
         <run_address>0x200094c0</run_address>
         <size>0x90</size>
         <input_file_ref idref="fl-164"/>
      </object_component>
      <object_component id="oc-520">
         <name>.text:PinConfigSet</name>
         <load_address>0x20009550</load_address>
         <run_address>0x20009550</run_address>
         <size>0x88</size>
         <input_file_ref idref="fl-16e"/>
      </object_component>
      <object_component id="oc-244">
         <name>.text:_SlDrvCmdOp</name>
         <load_address>0x200095d8</load_address>
         <run_address>0x200095d8</run_address>
         <size>0x88</size>
         <input_file_ref idref="fl-164"/>
      </object_component>
      <object_component id="oc-1a2">
         <name>.text</name>
         <load_address>0x20009660</load_address>
         <run_address>0x20009660</run_address>
         <size>0x88</size>
         <input_file_ref idref="fl-152"/>
      </object_component>
      <object_component id="oc-583">
         <name>.text:__aeabi_cdcmple</name>
         <load_address>0x200096e8</load_address>
         <run_address>0x200096e8</run_address>
         <size>0x86</size>
         <input_file_ref idref="fl-15a"/>
      </object_component>
      <object_component id="oc-588">
         <name>.text:__aeabi_cdrcmple</name>
         <load_address>0x2000976e</load_address>
         <run_address>0x2000976e</run_address>
         <size>0x86</size>
         <input_file_ref idref="fl-15a"/>
      </object_component>
      <object_component id="oc-324">
         <name>.text:I2CMasterInitExpClk</name>
         <load_address>0x200097f4</load_address>
         <run_address>0x200097f4</run_address>
         <size>0x84</size>
         <input_file_ref idref="fl-16c"/>
      </object_component>
      <object_component id="oc-6b7">
         <name>.text:_sl_HandleAsync_DnsGetHostByName</name>
         <load_address>0x20009878</load_address>
         <run_address>0x20009878</run_address>
         <size>0x84</size>
         <input_file_ref idref="fl-166"/>
      </object_component>
      <object_component id="oc-27c">
         <name>.text:GPIOIntTypeSet</name>
         <load_address>0x200098fc</load_address>
         <run_address>0x200098fc</run_address>
         <size>0x82</size>
         <input_file_ref idref="fl-16b"/>
      </object_component>
      <object_component id="oc-1f1">
         <name>.text:NwpPowerOnPreamble</name>
         <load_address>0x20009980</load_address>
         <run_address>0x20009980</run_address>
         <size>0x80</size>
         <input_file_ref idref="fl-16a"/>
      </object_component>
      <object_component id="oc-3a9">
         <name>.text</name>
         <load_address>0x20009a00</load_address>
         <run_address>0x20009a00</run_address>
         <size>0x7a</size>
         <input_file_ref idref="fl-147"/>
      </object_component>
      <object_component id="oc-6f4">
         <name>.text:SetupDMAReceive</name>
         <load_address>0x20009a7c</load_address>
         <run_address>0x20009a7c</run_address>
         <size>0x78</size>
         <input_file_ref idref="fl-16a"/>
      </object_component>
      <object_component id="oc-726">
         <name>.text:_sl_HandleAsync_InitComplete</name>
         <load_address>0x20009af4</load_address>
         <run_address>0x20009af4</run_address>
         <size>0x78</size>
         <input_file_ref idref="fl-163"/>
      </object_component>
      <object_component id="oc-678">
         <name>.text:_sl_HandleAsync_PingResponse</name>
         <load_address>0x20009b6c</load_address>
         <run_address>0x20009b6c</run_address>
         <size>0x78</size>
         <input_file_ref idref="fl-166"/>
      </object_component>
      <object_component id="oc-ce">
         <name>.text</name>
         <load_address>0x20009be4</load_address>
         <run_address>0x20009be4</run_address>
         <size>0x78</size>
         <input_file_ref idref="fl-14f"/>
      </object_component>
      <object_component id="oc-196">
         <name>.text:UARTConfigSetExpClk</name>
         <load_address>0x20009c5c</load_address>
         <run_address>0x20009c5c</run_address>
         <size>0x76</size>
         <input_file_ref idref="fl-172"/>
      </object_component>
      <object_component id="oc-10b">
         <name>.text:sl_WlanGet</name>
         <load_address>0x20009cd4</load_address>
         <run_address>0x20009cd4</run_address>
         <size>0x74</size>
         <input_file_ref idref="fl-169"/>
      </object_component>
      <object_component id="oc-255">
         <name>.text:spi_Close</name>
         <load_address>0x20009d48</load_address>
         <run_address>0x20009d48</run_address>
         <size>0x74</size>
         <input_file_ref idref="fl-16a"/>
      </object_component>
      <object_component id="oc-344">
         <name>.text:TimerIntRegister</name>
         <load_address>0x20009dbc</load_address>
         <run_address>0x20009dbc</run_address>
         <size>0x70</size>
         <input_file_ref idref="fl-171"/>
      </object_component>
      <object_component id="oc-2b5">
         <name>.text:sl_WlanSmartConfigStart</name>
         <load_address>0x20009e2c</load_address>
         <run_address>0x20009e2c</run_address>
         <size>0x70</size>
         <input_file_ref idref="fl-169"/>
      </object_component>
      <object_component id="oc-6ab">
         <name>.text:_sl_HandleAsync_Connect</name>
         <load_address>0x20009e9c</load_address>
         <run_address>0x20009e9c</run_address>
         <size>0x6c</size>
         <input_file_ref idref="fl-168"/>
      </object_component>
      <object_component id="oc-6a5">
         <name>.text:_sl_HandleAsync_Accept</name>
         <load_address>0x20009f08</load_address>
         <run_address>0x20009f08</run_address>
         <size>0x68</size>
         <input_file_ref idref="fl-168"/>
      </object_component>
      <object_component id="oc-6bd">
         <name>.text:_sl_HandleAsync_DnsGetHostByService</name>
         <load_address>0x20009f70</load_address>
         <run_address>0x20009f70</run_address>
         <size>0x68</size>
         <input_file_ref idref="fl-166"/>
      </object_component>
      <object_component id="oc-433">
         <name>.text:uDMAChannelAttributeDisable</name>
         <load_address>0x20009fd8</load_address>
         <run_address>0x20009fd8</run_address>
         <size>0x64</size>
         <input_file_ref idref="fl-173"/>
      </object_component>
      <object_component id="oc-68b">
         <name>.text:uDMAChannelAttributeEnable</name>
         <load_address>0x2000a03c</load_address>
         <run_address>0x2000a03c</run_address>
         <size>0x64</size>
         <input_file_ref idref="fl-173"/>
      </object_component>
      <object_component id="oc-25b">
         <name>.text:_SlDrvDriverCBDeinit</name>
         <load_address>0x2000a0a0</load_address>
         <run_address>0x2000a0a0</run_address>
         <size>0x60</size>
         <input_file_ref idref="fl-164"/>
      </object_component>
      <object_component id="oc-3a4">
         <name>.text:__aeabi_cfcmple</name>
         <load_address>0x2000a100</load_address>
         <run_address>0x2000a100</run_address>
         <size>0x60</size>
         <input_file_ref idref="fl-145"/>
      </object_component>
      <object_component id="oc-39f">
         <name>.text:__aeabi_cfrcmple</name>
         <load_address>0x2000a160</load_address>
         <run_address>0x2000a160</run_address>
         <size>0x60</size>
         <input_file_ref idref="fl-145"/>
      </object_component>
      <object_component id="oc-5d">
         <name>.text</name>
         <load_address>0x2000a1c0</load_address>
         <run_address>0x2000a1c0</run_address>
         <size>0x5e</size>
         <input_file_ref idref="fl-13d"/>
      </object_component>
      <object_component id="oc-6b1">
         <name>.text:_sl_HandleAsync_Select</name>
         <load_address>0x2000a220</load_address>
         <run_address>0x2000a220</run_address>
         <size>0x5c</size>
         <input_file_ref idref="fl-168"/>
      </object_component>
      <object_component id="oc-592">
         <name>.text</name>
         <load_address>0x2000a27c</load_address>
         <run_address>0x2000a27c</run_address>
         <size>0x5a</size>
         <input_file_ref idref="fl-15e"/>
      </object_component>
      <object_component id="oc-494">
         <name>.text:IntPendClear</name>
         <load_address>0x2000a2d8</load_address>
         <run_address>0x2000a2d8</run_address>
         <size>0x58</size>
         <input_file_ref idref="fl-16d"/>
      </object_component>
      <object_component id="oc-17d">
         <name>.text:PRCMPeripheralReset</name>
         <load_address>0x2000a330</load_address>
         <run_address>0x2000a330</run_address>
         <size>0x58</size>
         <input_file_ref idref="fl-16f"/>
      </object_component>
      <object_component id="oc-6c3">
         <name>.text:_sl_HandleAsync_Stop</name>
         <load_address>0x2000a388</load_address>
         <run_address>0x2000a388</run_address>
         <size>0x58</size>
         <input_file_ref idref="fl-163"/>
      </object_component>
      <object_component id="oc-451">
         <name>.text:IntPrioritySet</name>
         <load_address>0x2000a3e0</load_address>
         <run_address>0x2000a3e0</run_address>
         <size>0x54</size>
         <input_file_ref idref="fl-16d"/>
      </object_component>
      <object_component id="oc-71f">
         <name>.text:sl_NetAppSendTokenValue</name>
         <load_address>0x2000a434</load_address>
         <run_address>0x2000a434</run_address>
         <size>0x54</size>
         <input_file_ref idref="fl-166"/>
      </object_component>
      <object_component id="oc-457">
         <name>.text:SPIIntEnable</name>
         <load_address>0x2000a488</load_address>
         <run_address>0x2000a488</run_address>
         <size>0x4c</size>
         <input_file_ref idref="fl-170"/>
      </object_component>
      <object_component id="oc-617">
         <name>.text:SPIIntNumberGet</name>
         <load_address>0x2000a4d4</load_address>
         <run_address>0x2000a4d4</run_address>
         <size>0x4c</size>
         <input_file_ref idref="fl-170"/>
      </object_component>
      <object_component id="oc-5a9">
         <name>.text</name>
         <load_address>0x2000a520</load_address>
         <run_address>0x2000a520</run_address>
         <size>0x4c</size>
         <input_file_ref idref="fl-156"/>
      </object_component>
      <object_component id="oc-42d">
         <name>.text:uDMAChannelAssign</name>
         <load_address>0x2000a56c</load_address>
         <run_address>0x2000a56c</run_address>
         <size>0x4c</size>
         <input_file_ref idref="fl-173"/>
      </object_component>
      <object_component id="oc-22d">
         <name>.text:_sl_GetStartResponseConvert</name>
         <load_address>0x2000a5b8</load_address>
         <run_address>0x2000a5b8</run_address>
         <size>0x4a</size>
         <input_file_ref idref="fl-163"/>
      </object_component>
      <object_component id="oc-37c">
         <name>.text</name>
         <load_address>0x2000a602</load_address>
         <run_address>0x2000a602</run_address>
         <size>0x4a</size>
         <input_file_ref idref="fl-143"/>
      </object_component>
      <object_component id="oc-4fe">
         <name>.text:GPIOGetIntNumber</name>
         <load_address>0x2000a64c</load_address>
         <run_address>0x2000a64c</run_address>
         <size>0x48</size>
         <input_file_ref idref="fl-16b"/>
      </object_component>
      <object_component id="oc-5dc">
         <name>.text:SPIIntClear</name>
         <load_address>0x2000a694</load_address>
         <run_address>0x2000a694</run_address>
         <size>0x48</size>
         <input_file_ref idref="fl-170"/>
      </object_component>
      <object_component id="oc-58d">
         <name>.text</name>
         <load_address>0x2000a6dc</load_address>
         <run_address>0x2000a6dc</run_address>
         <size>0x48</size>
         <input_file_ref idref="fl-15b"/>
      </object_component>
      <object_component id="oc-5d2">
         <name>.text:SPIDmaMaskGet</name>
         <load_address>0x2000a724</load_address>
         <run_address>0x2000a724</run_address>
         <size>0x44</size>
         <input_file_ref idref="fl-170"/>
      </object_component>
      <object_component id="oc-32c">
         <name>.text:TimerConfigure</name>
         <load_address>0x2000a768</load_address>
         <run_address>0x2000a768</run_address>
         <size>0x44</size>
         <input_file_ref idref="fl-171"/>
      </object_component>
      <object_component id="oc-76">
         <name>.text</name>
         <load_address>0x2000a7ac</load_address>
         <run_address>0x2000a7ac</run_address>
         <size>0x44</size>
         <input_file_ref idref="fl-158"/>
      </object_component>
      <object_component id="oc-40">
         <name>.text</name>
         <load_address>0x2000a7f0</load_address>
         <run_address>0x2000a7f0</run_address>
         <size>0x44</size>
         <input_file_ref idref="fl-13f"/>
      </object_component>
      <object_component id="oc-63a">
         <name>.text</name>
         <load_address>0x2000a834</load_address>
         <run_address>0x2000a834</run_address>
         <size>0x44</size>
         <input_file_ref idref="fl-162"/>
      </object_component>
      <object_component id="oc-51a">
         <name>.text:PinModeSet</name>
         <load_address>0x2000a878</load_address>
         <run_address>0x2000a878</run_address>
         <size>0x40</size>
         <input_file_ref idref="fl-16e"/>
      </object_component>
      <object_component id="oc-236">
         <name>.text:_SlDrvRxIrqHandler</name>
         <load_address>0x2000a8b8</load_address>
         <run_address>0x2000a8b8</run_address>
         <size>0x40</size>
         <input_file_ref idref="fl-164"/>
      </object_component>
      <object_component id="oc-479">
         <name>.text:_SlNonOsMainLoopTask</name>
         <load_address>0x2000a8f8</load_address>
         <run_address>0x2000a8f8</run_address>
         <size>0x40</size>
         <input_file_ref idref="fl-167"/>
      </object_component>
      <object_component id="oc-49c">
         <name>.text:_SlRemoveFromList</name>
         <load_address>0x2000a938</load_address>
         <run_address>0x2000a938</run_address>
         <size>0x40</size>
         <input_file_ref idref="fl-164"/>
      </object_component>
      <object_component id="oc-2af">
         <name>.text:sl_WlanPolicySet</name>
         <load_address>0x2000a978</load_address>
         <run_address>0x2000a978</run_address>
         <size>0x40</size>
         <input_file_ref idref="fl-169"/>
      </object_component>
      <object_component id="oc-215">
         <name>.text:NwpPowerOff</name>
         <load_address>0x2000a9b8</load_address>
         <run_address>0x2000a9b8</run_address>
         <size>0x3c</size>
         <input_file_ref idref="fl-16a"/>
      </object_component>
      <object_component id="oc-177">
         <name>.text:PRCMPeripheralClkEnable</name>
         <load_address>0x2000a9f4</load_address>
         <run_address>0x2000a9f4</run_address>
         <size>0x3c</size>
         <input_file_ref idref="fl-16f"/>
      </object_component>
      <object_component id="oc-402">
         <name>.text:_SlDrvObjInit</name>
         <load_address>0x2000aa30</load_address>
         <run_address>0x2000aa30</run_address>
         <size>0x3c</size>
         <input_file_ref idref="fl-164"/>
      </object_component>
      <object_component id="oc-685">
         <name>.text:uDMAChannelControlSet</name>
         <load_address>0x2000aa6c</load_address>
         <run_address>0x2000aa6c</run_address>
         <size>0x3c</size>
         <input_file_ref idref="fl-173"/>
      </object_component>
      <object_component id="oc-21b">
         <name>.text:NwpRegisterInterruptHandler</name>
         <load_address>0x2000aaa8</load_address>
         <run_address>0x2000aaa8</run_address>
         <size>0x38</size>
         <input_file_ref idref="fl-16a"/>
      </object_component>
      <object_component id="oc-368">
         <name>.text</name>
         <load_address>0x2000aae0</load_address>
         <run_address>0x2000aae0</run_address>
         <size>0x38</size>
         <input_file_ref idref="fl-148"/>
      </object_component>
      <object_component id="oc-3ae">
         <name>.text</name>
         <load_address>0x2000ab18</load_address>
         <run_address>0x2000ab18</run_address>
         <size>0x38</size>
         <input_file_ref idref="fl-149"/>
      </object_component>
      <object_component id="oc-36d">
         <name>.text</name>
         <load_address>0x2000ab50</load_address>
         <run_address>0x2000ab50</run_address>
         <size>0x38</size>
         <input_file_ref idref="fl-14a"/>
      </object_component>
      <object_component id="oc-2d6">
         <name>.text:GPIODirModeSet</name>
         <load_address>0x2000ab88</load_address>
         <run_address>0x2000ab88</run_address>
         <size>0x36</size>
         <input_file_ref idref="fl-16b"/>
      </object_component>
      <object_component id="oc-427">
         <name>.text:PRCMPeripheralStatusGet</name>
         <load_address>0x2000abc0</load_address>
         <run_address>0x2000abc0</run_address>
         <size>0x34</size>
         <input_file_ref idref="fl-16f"/>
      </object_component>
      <object_component id="oc-445">
         <name>.text:SPIFIFOLevelSet</name>
         <load_address>0x2000abf4</load_address>
         <run_address>0x2000abf4</run_address>
         <size>0x34</size>
         <input_file_ref idref="fl-170"/>
      </object_component>
      <object_component id="oc-511">
         <name>.text:_SlDrvBasicCmd</name>
         <load_address>0x2000ac28</load_address>
         <run_address>0x2000ac28</run_address>
         <size>0x34</size>
         <input_file_ref idref="fl-164"/>
      </object_component>
      <object_component id="oc-11">
         <name>.text</name>
         <load_address>0x2000ac5c</load_address>
         <run_address>0x2000ac5c</run_address>
         <size>0x34</size>
         <input_file_ref idref="fl-13b"/>
      </object_component>
      <object_component id="oc-221">
         <name>.text:NwpPowerOn</name>
         <load_address>0x2000ac90</load_address>
         <run_address>0x2000ac90</run_address>
         <size>0x30</size>
         <input_file_ref idref="fl-16a"/>
      </object_component>
      <object_component id="oc-2d0">
         <name>.text:PinTypeGPIO</name>
         <load_address>0x2000acc0</load_address>
         <run_address>0x2000acc0</run_address>
         <size>0x30</size>
         <input_file_ref idref="fl-16e"/>
      </object_component>
      <object_component id="oc-3d4">
         <name>.text:UARTDisable</name>
         <load_address>0x2000acf0</load_address>
         <run_address>0x2000acf0</run_address>
         <size>0x30</size>
         <input_file_ref idref="fl-172"/>
      </object_component>
      <object_component id="oc-4ea">
         <name>.text:_SlDrvFlowContDeinit</name>
         <load_address>0x2000ad20</load_address>
         <run_address>0x2000ad20</run_address>
         <size>0x30</size>
         <input_file_ref idref="fl-165"/>
      </object_component>
      <object_component id="oc-408">
         <name>.text:_SlDrvFlowContInit</name>
         <load_address>0x2000ad50</load_address>
         <run_address>0x2000ad50</run_address>
         <size>0x30</size>
         <input_file_ref idref="fl-165"/>
      </object_component>
      <object_component id="oc-209">
         <name>.text:_SlNonOsSemGet</name>
         <load_address>0x2000ad80</load_address>
         <run_address>0x2000ad80</run_address>
         <size>0x30</size>
         <input_file_ref idref="fl-167"/>
      </object_component>
      <object_component id="oc-598">
         <name>.text</name>
         <load_address>0x2000adb0</load_address>
         <run_address>0x2000adb0</run_address>
         <size>0x2e</size>
         <input_file_ref idref="fl-15c"/>
      </object_component>
      <object_component id="oc-30c">
         <name>.text:I2CMasterErr</name>
         <load_address>0x2000adde</load_address>
         <run_address>0x2000adde</run_address>
         <size>0x2c</size>
         <input_file_ref idref="fl-16c"/>
      </object_component>
      <object_component id="oc-189">
         <name>.text:PRCMSysResetCauseGet</name>
         <load_address>0x2000ae0c</load_address>
         <run_address>0x2000ae0c</run_address>
         <size>0x2c</size>
         <input_file_ref idref="fl-16f"/>
      </object_component>
      <object_component id="oc-34a">
         <name>.text:TimerLoadSet</name>
         <load_address>0x2000ae38</load_address>
         <run_address>0x2000ae38</run_address>
         <size>0x2a</size>
         <input_file_ref idref="fl-171"/>
      </object_component>
      <object_component id="oc-33e">
         <name>.text:TimerMatchSet</name>
         <load_address>0x2000ae62</load_address>
         <run_address>0x2000ae62</run_address>
         <size>0x2a</size>
         <input_file_ref idref="fl-171"/>
      </object_component>
      <object_component id="oc-332">
         <name>.text:TimerPrescaleSet</name>
         <load_address>0x2000ae8c</load_address>
         <run_address>0x2000ae8c</run_address>
         <size>0x2a</size>
         <input_file_ref idref="fl-171"/>
      </object_component>
      <object_component id="oc-183">
         <name>.text:PRCMPeripheralClkDisable</name>
         <load_address>0x2000aeb8</load_address>
         <run_address>0x2000aeb8</run_address>
         <size>0x28</size>
         <input_file_ref idref="fl-16f"/>
      </object_component>
      <object_component id="oc-f3">
         <name>.text:sl_WlanSetMode</name>
         <load_address>0x2000aee0</load_address>
         <run_address>0x2000aee0</run_address>
         <size>0x28</size>
         <input_file_ref idref="fl-169"/>
      </object_component>
      <object_component id="oc-466">
         <name>.text:DmaSpiSwIntHandler</name>
         <load_address>0x2000af08</load_address>
         <run_address>0x2000af08</run_address>
         <size>0x24</size>
         <input_file_ref idref="fl-16a"/>
      </object_component>
      <object_component id="oc-48e">
         <name>.text:IntUnregister</name>
         <load_address>0x2000af2c</load_address>
         <run_address>0x2000af2c</run_address>
         <size>0x24</size>
         <input_file_ref idref="fl-16d"/>
      </object_component>
      <object_component id="oc-3da">
         <name>.text:UARTEnable</name>
         <load_address>0x2000af50</load_address>
         <run_address>0x2000af50</run_address>
         <size>0x24</size>
         <input_file_ref idref="fl-172"/>
      </object_component>
      <object_component id="oc-1ae">
         <name>.text</name>
         <load_address>0x2000af74</load_address>
         <run_address>0x2000af74</run_address>
         <size>0x24</size>
         <input_file_ref idref="fl-14d"/>
      </object_component>
      <object_component id="oc-105">
         <name>.text:sl_NetAppStart</name>
         <load_address>0x2000af98</load_address>
         <run_address>0x2000af98</run_address>
         <size>0x24</size>
         <input_file_ref idref="fl-166"/>
      </object_component>
      <object_component id="oc-ff">
         <name>.text:sl_NetAppStop</name>
         <load_address>0x2000afbc</load_address>
         <run_address>0x2000afbc</run_address>
         <size>0x24</size>
         <input_file_ref idref="fl-166"/>
      </object_component>
      <object_component id="oc-2a9">
         <name>.text:sl_WlanProfileDel</name>
         <load_address>0x2000afe0</load_address>
         <run_address>0x2000afe0</run_address>
         <size>0x24</size>
         <input_file_ref idref="fl-169"/>
      </object_component>
      <object_component id="oc-312">
         <name>.text:I2CMasterSlaveAddrSet</name>
         <load_address>0x2000b004</load_address>
         <run_address>0x2000b004</run_address>
         <size>0x22</size>
         <input_file_ref idref="fl-16c"/>
      </object_component>
      <object_component id="oc-41b">
         <name>.text:SPIReset</name>
         <load_address>0x2000b026</load_address>
         <run_address>0x2000b026</run_address>
         <size>0x22</size>
         <input_file_ref idref="fl-170"/>
      </object_component>
      <object_component id="oc-69d">
         <name>.text:SPIWordCountSet</name>
         <load_address>0x2000b048</load_address>
         <run_address>0x2000b048</run_address>
         <size>0x22</size>
         <input_file_ref idref="fl-170"/>
      </object_component>
      <object_component id="oc-e4">
         <name>.text</name>
         <load_address>0x2000b06a</load_address>
         <run_address>0x2000b06a</run_address>
         <size>0x22</size>
         <input_file_ref idref="fl-14b"/>
      </object_component>
      <object_component id="oc-294">
         <name>.text:GPIOPinWrite</name>
         <load_address>0x2000b08c</load_address>
         <run_address>0x2000b08c</run_address>
         <size>0x20</size>
         <input_file_ref idref="fl-16b"/>
      </object_component>
      <object_component id="oc-44b">
         <name>.text:IntRegister</name>
         <load_address>0x2000b0ac</load_address>
         <run_address>0x2000b0ac</run_address>
         <size>0x20</size>
         <input_file_ref idref="fl-16d"/>
      </object_component>
      <object_component id="oc-738">
         <name>.text:_SlDrvCmdSend</name>
         <load_address>0x2000b0cc</load_address>
         <run_address>0x2000b0cc</run_address>
         <size>0x20</size>
         <input_file_ref idref="fl-164"/>
      </object_component>
      <object_component id="oc-4b1">
         <name>.text:_SlNonOsSpawn</name>
         <load_address>0x2000b0ec</load_address>
         <run_address>0x2000b0ec</run_address>
         <size>0x20</size>
         <input_file_ref idref="fl-167"/>
      </object_component>
      <object_component id="oc-282">
         <name>.text:GPIOIntRegister</name>
         <load_address>0x2000b10c</load_address>
         <run_address>0x2000b10c</run_address>
         <size>0x1e</size>
         <input_file_ref idref="fl-16b"/>
      </object_component>
      <object_component id="oc-2f4">
         <name>.text:I2CMasterIntStatusEx</name>
         <load_address>0x2000b12a</load_address>
         <run_address>0x2000b12a</run_address>
         <size>0x1e</size>
         <input_file_ref idref="fl-16c"/>
      </object_component>
      <object_component id="oc-350">
         <name>.text:TimerEnable</name>
         <load_address>0x2000b148</load_address>
         <run_address>0x2000b148</run_address>
         <size>0x1e</size>
         <input_file_ref idref="fl-171"/>
      </object_component>
      <object_component id="oc-19c">
         <name>.text:UARTCharPut</name>
         <load_address>0x2000b166</load_address>
         <run_address>0x2000b166</run_address>
         <size>0x1e</size>
         <input_file_ref idref="fl-172"/>
      </object_component>
      <object_component id="oc-2ca">
         <name>.text:PinTypeI2C</name>
         <load_address>0x2000b184</load_address>
         <run_address>0x2000b184</run_address>
         <size>0x1c</size>
         <input_file_ref idref="fl-16e"/>
      </object_component>
      <object_component id="oc-4f0">
         <name>.text:_SlDrvObjDeInit</name>
         <load_address>0x2000b1a0</load_address>
         <run_address>0x2000b1a0</run_address>
         <size>0x1c</size>
         <input_file_ref idref="fl-164"/>
      </object_component>
      <object_component id="oc-5a3">
         <name>.text</name>
         <load_address>0x2000b1bc</load_address>
         <run_address>0x2000b1bc</run_address>
         <size>0x1c</size>
         <input_file_ref idref="fl-15f"/>
      </object_component>
      <object_component id="oc-697">
         <name>.text:uDMAChannelEnable</name>
         <load_address>0x2000b1d8</load_address>
         <run_address>0x2000b1d8</run_address>
         <size>0x1c</size>
         <input_file_ref idref="fl-173"/>
      </object_component>
      <object_component id="oc-6fe">
         <name>.text:CopyPingResultsToReport</name>
         <load_address>0x2000b1f4</load_address>
         <run_address>0x2000b1f4</run_address>
         <size>0x1a</size>
         <input_file_ref idref="fl-166"/>
      </object_component>
      <object_component id="oc-28e">
         <name>.text:GPIOIntEnable</name>
         <load_address>0x2000b20e</load_address>
         <run_address>0x2000b20e</run_address>
         <size>0x1a</size>
         <input_file_ref idref="fl-16b"/>
      </object_component>
      <object_component id="oc-2c4">
         <name>.text:PinTypeUART</name>
         <load_address>0x2000b228</load_address>
         <run_address>0x2000b228</run_address>
         <size>0x1a</size>
         <input_file_ref idref="fl-16e"/>
      </object_component>
      <object_component id="oc-4e2">
         <name>.text:SPIDmaDisable</name>
         <load_address>0x2000b242</load_address>
         <run_address>0x2000b242</run_address>
         <size>0x1a</size>
         <input_file_ref idref="fl-170"/>
      </object_component>
      <object_component id="oc-43f">
         <name>.text:SPIDmaEnable</name>
         <load_address>0x2000b25c</load_address>
         <run_address>0x2000b25c</run_address>
         <size>0x1a</size>
         <input_file_ref idref="fl-170"/>
      </object_component>
      <object_component id="oc-4dc">
         <name>.text:SPIFIFODisable</name>
         <load_address>0x2000b276</load_address>
         <run_address>0x2000b276</run_address>
         <size>0x1a</size>
         <input_file_ref idref="fl-170"/>
      </object_component>
      <object_component id="oc-439">
         <name>.text:SPIFIFOEnable</name>
         <load_address>0x2000b290</load_address>
         <run_address>0x2000b290</run_address>
         <size>0x1a</size>
         <input_file_ref idref="fl-170"/>
      </object_component>
      <object_component id="oc-4d6">
         <name>.text:SPIIntUnregister</name>
         <load_address>0x2000b2aa</load_address>
         <run_address>0x2000b2aa</run_address>
         <size>0x1a</size>
         <input_file_ref idref="fl-170"/>
      </object_component>
      <object_component id="oc-6ed">
         <name>.text:_SlDrvDeviceEventHandler</name>
         <load_address>0x2000b2c4</load_address>
         <run_address>0x2000b2c4</run_address>
         <size>0x1a</size>
         <input_file_ref idref="fl-163"/>
      </object_component>
      <object_component id="oc-29a">
         <name>.text:GPIOPinRead</name>
         <load_address>0x2000b2de</load_address>
         <run_address>0x2000b2de</run_address>
         <size>0x18</size>
         <input_file_ref idref="fl-16b"/>
      </object_component>
      <object_component id="oc-40f">
         <name>.text:SPICSDisable</name>
         <load_address>0x2000b2f6</load_address>
         <run_address>0x2000b2f6</run_address>
         <size>0x18</size>
         <input_file_ref idref="fl-170"/>
      </object_component>
      <object_component id="oc-67f">
         <name>.text:SPICSEnable</name>
         <load_address>0x2000b30e</load_address>
         <run_address>0x2000b30e</run_address>
         <size>0x18</size>
         <input_file_ref idref="fl-170"/>
      </object_component>
      <object_component id="oc-415">
         <name>.text:SPIDisable</name>
         <load_address>0x2000b326</load_address>
         <run_address>0x2000b326</run_address>
         <size>0x18</size>
         <input_file_ref idref="fl-170"/>
      </object_component>
      <object_component id="oc-45d">
         <name>.text:SPIEnable</name>
         <load_address>0x2000b33e</load_address>
         <run_address>0x2000b33e</run_address>
         <size>0x18</size>
         <input_file_ref idref="fl-170"/>
      </object_component>
      <object_component id="oc-338">
         <name>.text:TimerIntEnable</name>
         <load_address>0x2000b356</load_address>
         <run_address>0x2000b356</run_address>
         <size>0x18</size>
         <input_file_ref idref="fl-171"/>
      </object_component>
      <object_component id="oc-3a">
         <name>.text</name>
         <load_address>0x2000b370</load_address>
         <run_address>0x2000b370</run_address>
         <size>0x18</size>
         <input_file_ref idref="fl-155"/>
      </object_component>
      <object_component id="oc-57e">
         <name>.text</name>
         <load_address>0x2000b388</load_address>
         <run_address>0x2000b388</run_address>
         <size>0x18</size>
         <input_file_ref idref="fl-15d"/>
      </object_component>
      <object_component id="oc-318">
         <name>.text:I2CMasterDataPut</name>
         <load_address>0x2000b3a0</load_address>
         <run_address>0x2000b3a0</run_address>
         <size>0x16</size>
         <input_file_ref idref="fl-16c"/>
      </object_component>
      <object_component id="oc-539">
         <name>.text:I2CMasterEnable</name>
         <load_address>0x2000b3b6</load_address>
         <run_address>0x2000b3b6</run_address>
         <size>0x16</size>
         <input_file_ref idref="fl-16c"/>
      </object_component>
      <object_component id="oc-16b">
         <name>.text:PRCMHIBRegRead</name>
         <load_address>0x2000b3cc</load_address>
         <run_address>0x2000b3cc</run_address>
         <size>0x16</size>
         <input_file_ref idref="fl-16f"/>
      </object_component>
      <object_component id="oc-171">
         <name>.text:PRCMHIBRegWrite</name>
         <load_address>0x2000b3e2</load_address>
         <run_address>0x2000b3e2</run_address>
         <size>0x16</size>
         <input_file_ref idref="fl-16f"/>
      </object_component>
      <object_component id="oc-1a8">
         <name>.text:UARTCharGet</name>
         <load_address>0x2000b3f8</load_address>
         <run_address>0x2000b3f8</run_address>
         <size>0x16</size>
         <input_file_ref idref="fl-172"/>
      </object_component>
      <object_component id="oc-15b">
         <name>.text:CPUcpsie</name>
         <load_address>0x2000b40e</load_address>
         <run_address>0x2000b40e</run_address>
         <size>0x14</size>
         <input_file_ref idref="fl-175"/>
      </object_component>
      <object_component id="oc-288">
         <name>.text:GPIOIntClear</name>
         <load_address>0x2000b422</load_address>
         <run_address>0x2000b422</run_address>
         <size>0x14</size>
         <input_file_ref idref="fl-16b"/>
      </object_component>
      <object_component id="oc-b0">
         <name>.text:IntVTableBaseSet</name>
         <load_address>0x2000b438</load_address>
         <run_address>0x2000b438</run_address>
         <size>0x14</size>
         <input_file_ref idref="fl-16d"/>
      </object_component>
      <object_component id="oc-6e0">
         <name>.text:_SlDrvShiftDWord</name>
         <load_address>0x2000b44c</load_address>
         <run_address>0x2000b44c</run_address>
         <size>0x14</size>
         <input_file_ref idref="fl-164"/>
      </object_component>
      <object_component id="oc-145">
         <name>.text</name>
         <load_address>0x2000b460</load_address>
         <run_address>0x2000b460</run_address>
         <size>0x14</size>
         <input_file_ref idref="fl-153"/>
      </object_component>
      <object_component id="oc-de">
         <name>.text</name>
         <load_address>0x2000b474</load_address>
         <run_address>0x2000b474</run_address>
         <size>0x14</size>
         <input_file_ref idref="fl-151"/>
      </object_component>
      <object_component id="oc-306">
         <name>.text:I2CMasterControl</name>
         <load_address>0x2000b488</load_address>
         <run_address>0x2000b488</run_address>
         <size>0x12</size>
         <input_file_ref idref="fl-16c"/>
      </object_component>
      <object_component id="oc-2fa">
         <name>.text:I2CMasterIntClearEx</name>
         <load_address>0x2000b49a</load_address>
         <run_address>0x2000b49a</run_address>
         <size>0x12</size>
         <input_file_ref idref="fl-16c"/>
      </object_component>
      <object_component id="oc-300">
         <name>.text:I2CMasterTimeoutSet</name>
         <load_address>0x2000b4ac</load_address>
         <run_address>0x2000b4ac</run_address>
         <size>0x12</size>
         <input_file_ref idref="fl-16c"/>
      </object_component>
      <object_component id="oc-1c">
         <name>.text:decompress:ZI</name>
         <load_address>0x2000b4be</load_address>
         <run_address>0x2000b4be</run_address>
         <size>0x12</size>
         <input_file_ref idref="fl-13e"/>
      </object_component>
      <object_component id="oc-4ab">
         <name>.text:NwpMaskInterrupt</name>
         <load_address>0x2000b4d0</load_address>
         <run_address>0x2000b4d0</run_address>
         <size>0x10</size>
         <input_file_ref idref="fl-16a"/>
      </object_component>
      <object_component id="oc-31e">
         <name>.text:I2CMasterDataGet</name>
         <load_address>0x2000b4e0</load_address>
         <run_address>0x2000b4e0</run_address>
         <size>0xe</size>
         <input_file_ref idref="fl-16c"/>
      </object_component>
      <object_component id="oc-16">
         <name>.text:decompress:none</name>
         <load_address>0x2000b4ee</load_address>
         <run_address>0x2000b4ee</run_address>
         <size>0xe</size>
         <input_file_ref idref="fl-13c"/>
      </object_component>
      <object_component id="oc-59d">
         <name>.text</name>
         <load_address>0x2000b4fc</load_address>
         <run_address>0x2000b4fc</run_address>
         <size>0xe</size>
         <input_file_ref idref="fl-161"/>
      </object_component>
      <object_component id="oc-2c">
         <name>.text</name>
         <load_address>0x2000b50a</load_address>
         <run_address>0x2000b50a</run_address>
         <size>0xe</size>
         <input_file_ref idref="fl-b"/>
      </object_component>
      <object_component id="oc-671">
         <name>.text:NwpUnMaskInterrupt</name>
         <load_address>0x2000b518</load_address>
         <run_address>0x2000b518</run_address>
         <size>0xc</size>
         <input_file_ref idref="fl-16a"/>
      </object_component>
      <object_component id="oc-b6">
         <name>.text:IntMasterEnable</name>
         <load_address>0x2000b524</load_address>
         <run_address>0x2000b524</run_address>
         <size>0xa</size>
         <input_file_ref idref="fl-16d"/>
      </object_component>
      <object_component id="oc-20f">
         <name>.text:_SlNonOsSemSet</name>
         <load_address>0x2000b52e</load_address>
         <run_address>0x2000b52e</run_address>
         <size>0x8</size>
         <input_file_ref idref="fl-167"/>
      </object_component>
      <object_component id="oc-2bb">
         <name>.text:sl_WlanSmartConfigStop</name>
         <load_address>0x2000b536</load_address>
         <run_address>0x2000b536</run_address>
         <size>0x8</size>
         <input_file_ref idref="fl-169"/>
      </object_component>
      <object_component id="oc-117">
         <name>.text:UtilsDelay</name>
         <load_address>0x2000b53e</load_address>
         <run_address>0x2000b53e</run_address>
         <size>0x6</size>
         <input_file_ref idref="fl-174"/>
      </object_component>
      <object_component id="oc-22">
         <name>.text:decompress:rle24</name>
         <load_address>0x2000b544</load_address>
         <run_address>0x2000b544</run_address>
         <size>0x6</size>
         <input_file_ref idref="fl-13d"/>
      </object_component>
      <object_component id="oc-643">
         <name>.const:.string:_ctypes_</name>
         <load_address>0x2000b54c</load_address>
         <run_address>0x2000b54c</run_address>
         <size>0x102</size>
         <input_file_ref idref="fl-159"/>
      </object_component>
      <object_component id="oc-626">
         <name>.const:g_ulPinToPadMap</name>
         <load_address>0x2000b650</load_address>
         <run_address>0x2000b650</run_address>
         <size>0x100</size>
         <input_file_ref idref="fl-16e"/>
      </object_component>
      <object_component id="oc-24a">
         <name>.const</name>
         <load_address>0x2000b750</load_address>
         <run_address>0x2000b750</run_address>
         <size>0xec</size>
         <input_file_ref idref="fl-169"/>
      </object_component>
      <object_component id="oc-5ce">
         <name>.const:g_pulRegs</name>
         <load_address>0x2000b83c</load_address>
         <run_address>0x2000b83c</run_address>
         <size>0xd4</size>
         <input_file_ref idref="fl-16d"/>
      </object_component>
      <object_component id="oc-3cb">
         <name>.const:PRCM_PeriphRegsList</name>
         <load_address>0x2000b910</load_address>
         <run_address>0x2000b910</run_address>
         <size>0xa8</size>
         <input_file_ref idref="fl-16f"/>
      </object_component>
      <object_component id="oc-167">
         <name>.const</name>
         <load_address>0x2000b9b8</load_address>
         <run_address>0x2000b9b8</run_address>
         <size>0x80</size>
         <input_file_ref idref="fl-16d"/>
      </object_component>
      <object_component id="oc-612">
         <name>.const</name>
         <load_address>0x2000ba38</load_address>
         <run_address>0x2000ba38</run_address>
         <size>0x4c</size>
         <input_file_ref idref="fl-164"/>
      </object_component>
      <object_component id="oc-26a">
         <name>.const</name>
         <load_address>0x2000ba84</load_address>
         <run_address>0x2000ba84</run_address>
         <size>0x28</size>
         <input_file_ref idref="fl-166"/>
      </object_component>
      <object_component id="oc-6cb">
         <name>.const:g_ppulSPIIntMap</name>
         <load_address>0x2000baac</load_address>
         <run_address>0x2000baac</run_address>
         <size>0x24</size>
         <input_file_ref idref="fl-170"/>
      </object_component>
      <object_component id="oc-2c1">
         <name>.const:.string</name>
         <load_address>0x2000bad0</load_address>
         <run_address>0x2000bad0</run_address>
         <size>0x23</size>
         <input_file_ref idref="fl-a"/>
      </object_component>
      <object_component id="oc-651">
         <name>.const</name>
         <load_address>0x2000baf4</load_address>
         <run_address>0x2000baf4</run_address>
         <size>0x18</size>
         <input_file_ref idref="fl-170"/>
      </object_component>
      <object_component id="oc-261">
         <name>.const</name>
         <load_address>0x2000bb0c</load_address>
         <run_address>0x2000bb0c</run_address>
         <size>0x14</size>
         <input_file_ref idref="fl-163"/>
      </object_component>
      <object_component id="oc-11e">
         <name>.const:.string</name>
         <load_address>0x2000bb20</load_address>
         <run_address>0x2000bb20</run_address>
         <size>0x11</size>
         <input_file_ref idref="fl-7"/>
      </object_component>
      <object_component id="oc-75f">
         <name>.cinit..data.load</name>
         <load_address>0x2000bb38</load_address>
         <run_address>0x2000bb38</run_address>
         <size>0x70</size>
      </object_component>
      <object_component id="oc-75d">
         <name>__TI_handler_table</name>
         <load_address>0x2000bba8</load_address>
         <run_address>0x2000bba8</run_address>
         <size>0xc</size>
      </object_component>
      <object_component id="oc-760">
         <name>.cinit..bss.load</name>
         <load_address>0x2000bbb8</load_address>
         <run_address>0x2000bbb8</run_address>
         <size>0x8</size>
      </object_component>
      <object_component id="oc-75e">
         <name>__TI_cinit_table</name>
         <load_address>0x2000bbc0</load_address>
         <run_address>0x2000bbc0</run_address>
         <size>0x10</size>
      </object_component>
      <object_component id="oc-46">
         <name>.data</name>
         <load_address>0x20017a84</load_address>
         <run_address>0x20017a84</run_address>
         <size>0x4</size>
         <input_file_ref idref="fl-150"/>
      </object_component>
      <object_component id="oc-85">
         <name>.data</name>
         <load_address>0x20017a70</load_address>
         <run_address>0x20017a70</run_address>
         <size>0x8</size>
         <input_file_ref idref="fl-153"/>
      </object_component>
      <object_component id="oc-88">
         <name>.data</name>
         <load_address>0x20017a78</load_address>
         <run_address>0x20017a78</run_address>
         <size>0x8</size>
         <input_file_ref idref="fl-13f"/>
      </object_component>
      <object_component id="oc-d3">
         <name>.data</name>
         <load_address>0x200179cc</load_address>
         <run_address>0x200179cc</run_address>
         <size>0x45</size>
         <input_file_ref idref="fl-7"/>
      </object_component>
      <object_component id="oc-233">
         <name>.data</name>
         <load_address>0x20017800</load_address>
         <run_address>0x20017800</run_address>
         <size>0x170</size>
         <input_file_ref idref="fl-164"/>
      </object_component>
      <object_component id="oc-2a0">
         <name>.data</name>
         <load_address>0x20017a38</load_address>
         <run_address>0x20017a38</run_address>
         <size>0x20</size>
         <input_file_ref idref="fl-4"/>
      </object_component>
      <object_component id="oc-364">
         <name>.data</name>
         <load_address>0x20017a11</load_address>
         <run_address>0x20017a11</run_address>
         <size>0x2</size>
         <input_file_ref idref="fl-3"/>
      </object_component>
      <object_component id="oc-384">
         <name>.data</name>
         <load_address>0x20017a14</load_address>
         <run_address>0x20017a14</run_address>
         <size>0x24</size>
         <input_file_ref idref="fl-8"/>
      </object_component>
      <object_component id="oc-3ba">
         <name>.data</name>
         <load_address>0x20017a64</load_address>
         <run_address>0x20017a64</run_address>
         <size>0xa</size>
         <input_file_ref idref="fl-6"/>
      </object_component>
      <object_component id="oc-3f7">
         <name>.data</name>
         <load_address>0x20017a58</load_address>
         <run_address>0x20017a58</run_address>
         <size>0xc</size>
         <input_file_ref idref="fl-14e"/>
      </object_component>
      <object_component id="oc-463">
         <name>.data</name>
         <load_address>0x20017970</load_address>
         <run_address>0x20017970</run_address>
         <size>0x5c</size>
         <input_file_ref idref="fl-16a"/>
      </object_component>
      <object_component id="oc-55c">
         <name>.data</name>
         <load_address>0x20017a80</load_address>
         <run_address>0x20017a80</run_address>
         <size>0x4</size>
         <input_file_ref idref="fl-2"/>
      </object_component>
      <object_component id="oc-d6">
         <name>.bss:g_ucConnectionSSID</name>
         <uninitialized>true</uninitialized>
         <run_address>0x20017ab0</run_address>
         <size>0x24</size>
         <input_file_ref idref="fl-7"/>
      </object_component>
      <object_component id="oc-5e8">
         <name>.bss:g__SlNonOsCB</name>
         <uninitialized>true</uninitialized>
         <run_address>0x20017a88</run_address>
         <size>0x28</size>
         <input_file_ref idref="fl-167"/>
      </object_component>
      <object_component id="oc-356">
         <name>.common:port_ain1</name>
         <uninitialized>true</uninitialized>
         <run_address>0x20017b04</run_address>
         <size>0x4</size>
      </object_component>
      <object_component id="oc-35a">
         <name>.common:port_ain2</name>
         <uninitialized>true</uninitialized>
         <run_address>0x20017b08</run_address>
         <size>0x4</size>
      </object_component>
      <object_component id="oc-35c">
         <name>.common:port_bin1</name>
         <uninitialized>true</uninitialized>
         <run_address>0x20017b0c</run_address>
         <size>0x4</size>
      </object_component>
      <object_component id="oc-35e">
         <name>.common:port_bin2</name>
         <uninitialized>true</uninitialized>
         <run_address>0x20017b10</run_address>
         <size>0x4</size>
      </object_component>
      <object_component id="oc-359">
         <name>.common:pin_ain1</name>
         <uninitialized>true</uninitialized>
         <run_address>0x20017b41</run_address>
         <size>0x1</size>
      </object_component>
      <object_component id="oc-35b">
         <name>.common:pin_ain2</name>
         <uninitialized>true</uninitialized>
         <run_address>0x20017b42</run_address>
         <size>0x1</size>
      </object_component>
      <object_component id="oc-35d">
         <name>.common:pin_bin1</name>
         <uninitialized>true</uninitialized>
         <run_address>0x20017b43</run_address>
         <size>0x1</size>
      </object_component>
      <object_component id="oc-35f">
         <name>.common:pin_bin2</name>
         <uninitialized>true</uninitialized>
         <run_address>0x20017b44</run_address>
         <size>0x1</size>
      </object_component>
      <object_component id="oc-360">
         <name>.common:bitA1</name>
         <uninitialized>true</uninitialized>
         <run_address>0x20017b38</run_address>
         <size>0x1</size>
      </object_component>
      <object_component id="oc-361">
         <name>.common:bitA2</name>
         <uninitialized>true</uninitialized>
         <run_address>0x20017b39</run_address>
         <size>0x1</size>
      </object_component>
      <object_component id="oc-362">
         <name>.common:bitB1</name>
         <uninitialized>true</uninitialized>
         <run_address>0x20017b3a</run_address>
         <size>0x1</size>
      </object_component>
      <object_component id="oc-363">
         <name>.common:bitB2</name>
         <uninitialized>true</uninitialized>
         <run_address>0x20017b3b</run_address>
         <size>0x1</size>
      </object_component>
      <object_component id="oc-2a3">
         <name>.common:g_ucLED1Pin</name>
         <uninitialized>true</uninitialized>
         <run_address>0x20017b3e</run_address>
         <size>0x1</size>
      </object_component>
      <object_component id="oc-2a6">
         <name>.common:g_ucLED2Pin</name>
         <uninitialized>true</uninitialized>
         <run_address>0x20017b3f</run_address>
         <size>0x1</size>
      </object_component>
      <object_component id="oc-2a7">
         <name>.common:g_ucLED3Pin</name>
         <uninitialized>true</uninitialized>
         <run_address>0x20017b40</run_address>
         <size>0x1</size>
      </object_component>
      <object_component id="oc-3c0">
         <name>.common:unstable_count$1</name>
         <uninitialized>true</uninitialized>
         <run_address>0x20017b4d</run_address>
         <size>0x1</size>
      </object_component>
      <object_component id="oc-3b6">
         <name>.common:gyro_offset</name>
         <uninitialized>true</uninitialized>
         <run_address>0x20017b00</run_address>
         <size>0x4</size>
      </object_component>
      <object_component id="oc-3b3">
         <name>.common:accelerometer</name>
         <uninitialized>true</uninitialized>
         <run_address>0x20017af4</run_address>
         <size>0x4</size>
      </object_component>
      <object_component id="oc-3b7">
         <name>.common:upright_value_accelerometer</name>
         <uninitialized>true</uninitialized>
         <run_address>0x20017b34</run_address>
         <size>0x4</size>
      </object_component>
      <object_component id="oc-3b8">
         <name>.common:acc_reading</name>
         <uninitialized>true</uninitialized>
         <run_address>0x20017aec</run_address>
         <size>0x4</size>
      </object_component>
      <object_component id="oc-3b9">
         <name>.common:gyro_angle</name>
[...]
         <value>0x2000b1f5</value>
         <object_component_ref idref="oc-6fe"/>
      </symbol>
      <symbol id="sm-ab6">
         <name>_SlGetHostByNameCtrl</name>
         <value>0x2000ba9c</value>
         <object_component_ref idref="oc-26a"/>
      </symbol>
      <symbol id="sm-ab7">
         <name>_SlGetHostByServiceCtrl</name>
         <value>0x2000ba98</value>
         <object_component_ref idref="oc-26a"/>
      </symbol>
      <symbol id="sm-af5">
         <name>_SlNonOsSemSet</name>
         <value>0x2000b52f</value>
         <object_component_ref idref="oc-20f"/>
      </symbol>
      <symbol id="sm-af6">
         <name>_SlNonOsSpawn</name>
         <value>0x2000b0ed</value>
         <object_component_ref idref="oc-4b1"/>
      </symbol>
      <symbol id="sm-af7">
         <name>_SlNonOsSemGet</name>
         <value>0x2000ad81</value>
         <object_component_ref idref="oc-209"/>
      </symbol>
      <symbol id="sm-af8">
         <name>_SlNonOsMainLoopTask</name>
         <value>0x2000a8f9</value>
         <object_component_ref idref="oc-479"/>
      </symbol>
      <symbol id="sm-af9">
         <name>g__SlNonOsCB</name>
         <value>0x20017a88</value>
         <object_component_ref idref="oc-5e8"/>
      </symbol>
      <symbol id="sm-b2b">
         <name>_sl_HandleAsync_Connect</name>
         <value>0x20009e9d</value>
         <object_component_ref idref="oc-6ab"/>
      </symbol>
      <symbol id="sm-b2c">
         <name>_sl_HandleAsync_Select</name>
         <value>0x2000a221</value>
         <object_component_ref idref="oc-6b1"/>
      </symbol>
      <symbol id="sm-b2d">
         <name>_sl_HandleAsync_Accept</name>
         <value>0x20009f09</value>
         <object_component_ref idref="oc-6a5"/>
      </symbol>
      <symbol id="sm-b88">
         <name>sl_WlanSmartConfigStop</name>
         <value>0x2000b537</value>
         <object_component_ref idref="oc-2bb"/>
      </symbol>
      <symbol id="sm-b89">
         <name>_SlPolicyGetCmdCtrl</name>
         <value>0x2000b758</value>
         <object_component_ref idref="oc-24a"/>
      </symbol>
      <symbol id="sm-b8a">
         <name>_SlPolicySetCmdCtrl</name>
         <value>0x2000b754</value>
         <object_component_ref idref="oc-24a"/>
      </symbol>
      <symbol id="sm-b8b">
         <name>_SlRxFilterGetCmdCtrl</name>
         <value>0x2000b770</value>
         <object_component_ref idref="oc-24a"/>
      </symbol>
      <symbol id="sm-b8c">
         <name>_SlRxFilterSetCmdCtrl</name>
         <value>0x2000b76c</value>
         <object_component_ref idref="oc-24a"/>
      </symbol>
      <symbol id="sm-b8d">
         <name>_SlProfileGetCmdCtrl</name>
         <value>0x2000b75c</value>
         <object_component_ref idref="oc-24a"/>
      </symbol>
      <symbol id="sm-b8e">
         <name>_SlWlanGetNetworkListCtrl</name>
         <value>0x2000b764</value>
         <object_component_ref idref="oc-24a"/>
      </symbol>
      <symbol id="sm-b8f">
         <name>sl_WlanPolicySet</name>
         <value>0x2000a979</value>
         <object_component_ref idref="oc-2af"/>
      </symbol>
      <symbol id="sm-b90">
         <name>_SlProfileDelCmdCtrl</name>
         <value>0x2000b760</value>
         <object_component_ref idref="oc-24a"/>
      </symbol>
      <symbol id="sm-b91">
         <name>_SlWlanSetModeCmdCtrl</name>
         <value>0x2000b778</value>
         <object_component_ref idref="oc-24a"/>
      </symbol>
      <symbol id="sm-b92">
         <name>_SlWlanCfgSetCmdCtrl</name>
         <value>0x2000b77c</value>
         <object_component_ref idref="oc-24a"/>
      </symbol>
      <symbol id="sm-b93">
         <name>_SlWlanCfgGetCmdCtrl</name>
         <value>0x2000b780</value>
         <object_component_ref idref="oc-24a"/>
      </symbol>
      <symbol id="sm-b94">
         <name>sl_WlanGet</name>
         <value>0x20009cd5</value>
         <object_component_ref idref="oc-10b"/>
      </symbol>
      <symbol id="sm-b95">
         <name>sl_WlanSmartConfigStart</name>
         <value>0x20009e2d</value>
         <object_component_ref idref="oc-2b5"/>
      </symbol>
      <symbol id="sm-b96">
         <name>sl_WlanProfileDel</name>
         <value>0x2000afe1</value>
         <object_component_ref idref="oc-2a9"/>
      </symbol>
      <symbol id="sm-b97">
         <name>_SlRxFilterAddtCmdCtrl</name>
         <value>0x2000b768</value>
         <object_component_ref idref="oc-24a"/>
      </symbol>
      <symbol id="sm-b98">
         <name>_SlSmartConfigStartCmdCtrl</name>
         <value>0x2000b774</value>
         <object_component_ref idref="oc-24a"/>
      </symbol>
      <symbol id="sm-b99">
         <name>sl_WlanSetMode</name>
         <value>0x2000aee1</value>
         <object_component_ref idref="oc-f3"/>
      </symbol>
      <symbol id="sm-c63">
         <name>g_cDummy</name>
         <value>0x20017b3d</value>
      </symbol>
      <symbol id="sm-c64">
         <name>NwpMaskInterrupt</name>
         <value>0x2000b4d1</value>
         <object_component_ref idref="oc-4ab"/>
      </symbol>
      <symbol id="sm-c65">
         <name>NwpRegisterInterruptHandler</name>
         <value>0x2000aaa9</value>
         <object_component_ref idref="oc-21b"/>
      </symbol>
      <symbol id="sm-c66">
         <name>NwpPowerOnPreamble</name>
         <value>0x20009981</value>
         <object_component_ref idref="oc-1f1"/>
      </symbol>
      <symbol id="sm-c67">
         <name>g_pHostIntHdl</name>
         <value>0x20017974</value>
         <object_component_ref idref="oc-463"/>
      </symbol>
      <symbol id="sm-c68">
         <name>NwpUnMaskInterrupt</name>
         <value>0x2000b519</value>
         <object_component_ref idref="oc-671"/>
      </symbol>
      <symbol id="sm-c69">
         <name>g_ucDinDout</name>
         <value>0x2001797c</value>
         <object_component_ref idref="oc-463"/>
      </symbol>
      <symbol id="sm-c6a">
         <name>NwpPowerOff</name>
         <value>0x2000a9b9</value>
         <object_component_ref idref="oc-215"/>
      </symbol>
      <symbol id="sm-c6b">
         <name>spi_Read</name>
         <value>0x20008bb5</value>
         <object_component_ref idref="oc-665"/>
      </symbol>
      <symbol id="sm-c6c">
         <name>DmaSpiSwIntHandler</name>
         <value>0x2000af09</value>
         <object_component_ref idref="oc-466"/>
      </symbol>
      <symbol id="sm-c6d">
         <name>NwpPowerOn</name>
         <value>0x2000ac91</value>
         <object_component_ref idref="oc-221"/>
      </symbol>
      <symbol id="sm-c6e">
         <name>spi_Close</name>
         <value>0x20009d49</value>
         <object_component_ref idref="oc-255"/>
      </symbol>
      <symbol id="sm-c6f">
         <name>spi_Write</name>
         <value>0x20008839</value>
         <object_component_ref idref="oc-60c"/>
      </symbol>
      <symbol id="sm-c70">
         <name>spi_Open</name>
         <value>0x200080f1</value>
         <object_component_ref idref="oc-1fd"/>
      </symbol>
      <symbol id="sm-c71">
         <name>g_ucDMAEnabled</name>
         <value>0x20017978</value>
         <object_component_ref idref="oc-463"/>
      </symbol>
      <symbol id="sm-c72">
         <name>g_SpiFd</name>
         <value>0x20017970</value>
         <object_component_ref idref="oc-463"/>
      </symbol>
      <symbol id="sm-cc8">
         <name>GPIOIntRegister</name>
         <value>0x2000b10d</value>
         <object_component_ref idref="oc-282"/>
      </symbol>
      <symbol id="sm-cc9">
         <name>GPIOIntEnable</name>
         <value>0x2000b20f</value>
         <object_component_ref idref="oc-28e"/>
      </symbol>
      <symbol id="sm-cca">
         <name>GPIOIntTypeSet</name>
         <value>0x200098fd</value>
         <object_component_ref idref="oc-27c"/>
      </symbol>
      <symbol id="sm-ccb">
         <name>GPIOIntClear</name>
         <value>0x2000b423</value>
         <object_component_ref idref="oc-288"/>
      </symbol>
      <symbol id="sm-ccc">
         <name>GPIOPinRead</name>
         <value>0x2000b2df</value>
         <object_component_ref idref="oc-29a"/>
      </symbol>
      <symbol id="sm-ccd">
         <name>GPIODirModeSet</name>
         <value>0x2000ab89</value>
         <object_component_ref idref="oc-2d6"/>
      </symbol>
      <symbol id="sm-cce">
         <name>GPIOPinWrite</name>
         <value>0x2000b08d</value>
         <object_component_ref idref="oc-294"/>
      </symbol>
      <symbol id="sm-d32">
         <name>I2CMasterDataPut</name>
         <value>0x2000b3a1</value>
         <object_component_ref idref="oc-318"/>
      </symbol>
      <symbol id="sm-d33">
         <name>I2CMasterInitExpClk</name>
         <value>0x200097f5</value>
         <object_component_ref idref="oc-324"/>
      </symbol>
      <symbol id="sm-d34">
         <name>I2CMasterIntClearEx</name>
         <value>0x2000b49b</value>
         <object_component_ref idref="oc-2fa"/>
      </symbol>
      <symbol id="sm-d35">
         <name>I2CMasterSlaveAddrSet</name>
         <value>0x2000b005</value>
         <object_component_ref idref="oc-312"/>
      </symbol>
      <symbol id="sm-d36">
         <name>I2CMasterDataGet</name>
         <value>0x2000b4e1</value>
         <object_component_ref idref="oc-31e"/>
      </symbol>
      <symbol id="sm-d37">
         <name>I2CMasterErr</name>
         <value>0x2000addf</value>
         <object_component_ref idref="oc-30c"/>
      </symbol>
      <symbol id="sm-d38">
         <name>I2CMasterTimeoutSet</name>
         <value>0x2000b4ad</value>
         <object_component_ref idref="oc-300"/>
      </symbol>
      <symbol id="sm-d39">
         <name>I2CMasterControl</name>
         <value>0x2000b489</value>
         <object_component_ref idref="oc-306"/>
      </symbol>
      <symbol id="sm-d3a">
         <name>I2CMasterEnable</name>
         <value>0x2000b3b7</value>
         <object_component_ref idref="oc-539"/>
      </symbol>
      <symbol id="sm-d3b">
         <name>I2CMasterIntStatusEx</name>
         <value>0x2000b12b</value>
         <object_component_ref idref="oc-2f4"/>
      </symbol>
      <symbol id="sm-dc1">
         <name>IntPendClear</name>
         <value>0x2000a2d9</value>
         <object_component_ref idref="oc-494"/>
      </symbol>
      <symbol id="sm-dc2">
         <name>IntPrioritySet</name>
         <value>0x2000a3e1</value>
         <object_component_ref idref="oc-451"/>
      </symbol>
      <symbol id="sm-dc3">
         <name>IntVTableBaseSet</name>
         <value>0x2000b439</value>
         <object_component_ref idref="oc-b0"/>
      </symbol>
      <symbol id="sm-dc4">
         <name>IntEnable</name>
         <value>0x20008f61</value>
         <object_component_ref idref="oc-bc"/>
      </symbol>
      <symbol id="sm-dc5">
         <name>IntDisable</name>
         <value>0x20008eb9</value>
         <object_component_ref idref="oc-488"/>
      </symbol>
      <symbol id="sm-dc6">
         <name>IntRegister</name>
         <value>0x2000b0ad</value>
         <object_component_ref idref="oc-44b"/>
      </symbol>
      <symbol id="sm-dc7">
         <name>IntUnregister</name>
         <value>0x2000af2d</value>
         <object_component_ref idref="oc-48e"/>
      </symbol>
      <symbol id="sm-dc8">
         <name>IntMasterEnable</name>
         <value>0x2000b525</value>
         <object_component_ref idref="oc-b6"/>
      </symbol>
      <symbol id="sm-e07">
         <name>PinTypeI2C</name>
         <value>0x2000b185</value>
         <object_component_ref idref="oc-2ca"/>
      </symbol>
      <symbol id="sm-e08">
         <name>PinTypeUART</name>
         <value>0x2000b229</value>
         <object_component_ref idref="oc-2c4"/>
      </symbol>
      <symbol id="sm-e09">
         <name>PinTypeGPIO</name>
         <value>0x2000acc1</value>
         <object_component_ref idref="oc-2d0"/>
      </symbol>
      <symbol id="sm-e0a">
         <name>PinConfigSet</name>
         <value>0x20009551</value>
         <object_component_ref idref="oc-520"/>
      </symbol>
      <symbol id="sm-e0b">
         <name>PinModeSet</name>
         <value>0x2000a879</value>
         <object_component_ref idref="oc-51a"/>
      </symbol>
      <symbol id="sm-e9a">
         <name>PRCMPeripheralReset</name>
         <value>0x2000a331</value>
         <object_component_ref idref="oc-17d"/>
      </symbol>
      <symbol id="sm-e9b">
         <name>PRCMPeripheralClkEnable</name>
         <value>0x2000a9f5</value>
         <object_component_ref idref="oc-177"/>
      </symbol>
      <symbol id="sm-e9c">
         <name>PRCMPeripheralClockGet</name>
         <value>0x200091dd</value>
         <object_component_ref idref="oc-190"/>
      </symbol>
      <symbol id="sm-e9d">
         <name>PRCMCC3200MCUInit</name>
         <value>0x20007fbd</value>
         <object_component_ref idref="oc-c2"/>
      </symbol>
      <symbol id="sm-e9e">
         <name>PRCMHIBRegWrite</name>
         <value>0x2000b3e3</value>
         <object_component_ref idref="oc-171"/>
      </symbol>
      <symbol id="sm-e9f">
         <name>PRCMSysResetCauseGet</name>
         <value>0x2000ae0d</value>
         <object_component_ref idref="oc-189"/>
      </symbol>
      <symbol id="sm-ea0">
         <name>PRCMPeripheralStatusGet</name>
         <value>0x2000abc1</value>
         <object_component_ref idref="oc-427"/>
      </symbol>
      <symbol id="sm-ea1">
         <name>PRCMPeripheralClkDisable</name>
         <value>0x2000aeb9</value>
         <object_component_ref idref="oc-183"/>
      </symbol>
      <symbol id="sm-ea2">
         <name>PRCMHIBRegRead</name>
         <value>0x2000b3cd</value>
         <object_component_ref idref="oc-16b"/>
      </symbol>
      <symbol id="sm-f5d">
         <name>SPIFIFODisable</name>
         <value>0x2000b277</value>
         <object_component_ref idref="oc-4dc"/>
      </symbol>
      <symbol id="sm-f5e">
         <name>SPICSEnable</name>
         <value>0x2000b30f</value>
         <object_component_ref idref="oc-67f"/>
      </symbol>
      <symbol id="sm-f5f">
         <name>SPIDisable</name>
         <value>0x2000b327</value>
         <object_component_ref idref="oc-415"/>
      </symbol>
      <symbol id="sm-f60">
         <name>SPIFIFOEnable</name>
         <value>0x2000b291</value>
         <object_component_ref idref="oc-439"/>
      </symbol>
      <symbol id="sm-f61">
         <name>SPIWordCountSet</name>
         <value>0x2000b049</value>
         <object_component_ref idref="oc-69d"/>
      </symbol>
      <symbol id="sm-f62">
         <name>SPIEnable</name>
         <value>0x2000b33f</value>
         <object_component_ref idref="oc-45d"/>
      </symbol>
      <symbol id="sm-f63">
         <name>SPIDmaEnable</name>
         <value>0x2000b25d</value>
         <object_component_ref idref="oc-43f"/>
      </symbol>
      <symbol id="sm-f64">
         <name>SPIConfigSetExpClk</name>
         <value>0x20009009</value>
         <object_component_ref idref="oc-421"/>
      </symbol>
      <symbol id="sm-f65">
         <name>SPIIntUnregister</name>
         <value>0x2000b2ab</value>
         <object_component_ref idref="oc-4d6"/>
      </symbol>
      <symbol id="sm-f66">
         <name>SPIFIFOLevelSet</name>
         <value>0x2000abf5</value>
         <object_component_ref idref="oc-445"/>
      </symbol>
      <symbol id="sm-f67">
         <name>SPIDmaDisable</name>
         <value>0x2000b243</value>
         <object_component_ref idref="oc-4e2"/>
      </symbol>
      <symbol id="sm-f68">
         <name>SPIReset</name>
         <value>0x2000b027</value>
         <object_component_ref idref="oc-41b"/>
      </symbol>
      <symbol id="sm-f69">
         <name>SPIIntEnable</name>
         <value>0x2000a489</value>
         <object_component_ref idref="oc-457"/>
      </symbol>
      <symbol id="sm-f6a">
         <name>SPIIntClear</name>
         <value>0x2000a695</value>
         <object_component_ref idref="oc-5dc"/>
      </symbol>
      <symbol id="sm-f6b">
         <name>SPICSDisable</name>
         <value>0x2000b2f7</value>
         <object_component_ref idref="oc-40f"/>
      </symbol>
      <symbol id="sm-fbb">
         <name>TimerMatchSet</name>
         <value>0x2000ae63</value>
         <object_component_ref idref="oc-33e"/>
      </symbol>
      <symbol id="sm-fbc">
         <name>TimerLoadSet</name>
         <value>0x2000ae39</value>
         <object_component_ref idref="oc-34a"/>
      </symbol>
      <symbol id="sm-fbd">
         <name>TimerIntRegister</name>
         <value>0x20009dbd</value>
         <object_component_ref idref="oc-344"/>
      </symbol>
      <symbol id="sm-fbe">
         <name>TimerEnable</name>
         <value>0x2000b149</value>
         <object_component_ref idref="oc-350"/>
      </symbol>
      <symbol id="sm-fbf">
         <name>TimerPrescaleSet</name>
         <value>0x2000ae8d</value>
         <object_component_ref idref="oc-332"/>
      </symbol>
      <symbol id="sm-fc0">
         <name>TimerIntEnable</name>
         <value>0x2000b357</value>
         <object_component_ref idref="oc-338"/>
      </symbol>
      <symbol id="sm-fc1">
         <name>TimerConfigure</name>
         <value>0x2000a769</value>
         <object_component_ref idref="oc-32c"/>
      </symbol>
      <symbol id="sm-ff2">
         <name>UARTConfigSetExpClk</name>
         <value>0x20009c5d</value>
         <object_component_ref idref="oc-196"/>
      </symbol>
      <symbol id="sm-ff3">
         <name>UARTDisable</name>
         <value>0x2000acf1</value>
         <object_component_ref idref="oc-3d4"/>
      </symbol>
      <symbol id="sm-ff4">
         <name>UARTCharPut</name>
         <value>0x2000b167</value>
         <object_component_ref idref="oc-19c"/>
      </symbol>
      <symbol id="sm-ff5">
         <name>UARTEnable</name>
         <value>0x2000af51</value>
         <object_component_ref idref="oc-3da"/>
      </symbol>
      <symbol id="sm-ff6">
         <name>UARTCharGet</name>
         <value>0x2000b3f9</value>
         <object_component_ref idref="oc-1a8"/>
      </symbol>
      <symbol id="sm-104d">
         <name>uDMAChannelControlSet</name>
         <value>0x2000aa6d</value>
         <object_component_ref idref="oc-685"/>
      </symbol>
      <symbol id="sm-104e">
         <name>uDMAChannelAttributeEnable</name>
         <value>0x2000a03d</value>
         <object_component_ref idref="oc-68b"/>
      </symbol>
      <symbol id="sm-104f">
         <name>uDMAChannelTransferSet</name>
         <value>0x20008749</value>
         <object_component_ref idref="oc-691"/>
      </symbol>
      <symbol id="sm-1050">
         <name>uDMAChannelAssign</name>
         <value>0x2000a56d</value>
         <object_component_ref idref="oc-42d"/>
      </symbol>
      <symbol id="sm-1051">
         <name>uDMAChannelAttributeDisable</name>
         <value>0x20009fd9</value>
         <object_component_ref idref="oc-433"/>
      </symbol>
      <symbol id="sm-1052">
         <name>uDMAChannelEnable</name>
         <value>0x2000b1d9</value>
         <object_component_ref idref="oc-697"/>
      </symbol>
      <symbol id="sm-1056">
         <name>UtilsDelay</name>
         <value>0x2000b53f</value>
         <object_component_ref idref="oc-117"/>
      </symbol>
      <symbol id="sm-1060">
         <name>CPUcpsie</name>
         <value>0x2000b40f</value>
         <object_component_ref idref="oc-15b"/>
      </symbol>
      <symbol id="sm-1063">
         <name>__TI_static_base__</name>
         <value>0x2000bb38</value>
      </symbol>
      <symbol id="sm-1064">
         <name>__TI_args_main</name>
         <value>0x1</value>
      </symbol>
      <symbol id="sm-1065">
         <name>SHT$$INIT_ARRAY$$Limit</name>
         <value>0x0</value>
      </symbol>
      <symbol id="sm-1066">
         <name>SHT$$INIT_ARRAY$$Base</name>
         <value>0x0</value>
      </symbol>
   </symbol_table>
   <title>Link successful</title>
</link_info>
