<?xml version="1.0"?>
<link_info>
   <banner>TI ARM Linker PC v5.1.6</banner>
   <copyright>Copyright (c) 1996-2014 Texas Instruments Incorporated</copyright>
   <link_time>0x54760118</link_time>
   <link_errors>0x1</link_errors>
   <output_file>PIDPOD.out</output_file>
   <entry_point>
      <name>_c_int00</name>
      <address>0x4d4</address>
   </entry_point>
   <input_file_list>
      <input_file id="fl-2">
         <path>.\</path>
         <kind>object</kind>
         <file>gpio_if.obj</file>
         <name>gpio_if.obj</name>
      </input_file>
      <input_file id="fl-3">
         <path>.\</path>
         <kind>object</kind>
         <file>main.obj</file>
         <name>main.obj</name>
      </input_file>
      <input_file id="fl-4">
         <path>.\</path>
         <kind>object</kind>
         <file>timer_if.obj</file>
         <name>timer_if.obj</name>
      </input_file>
      <input_file id="fl-130">
         <path>c:\ti\ccsv6\tools\compiler\arm_5.1.6\lib\</path>
         <kind>archive</kind>
         <file>rtsv4_A_be_tiarm9.lib</file>
         <name>boot.obj</name>
      </input_file>
      <input_file id="fl-131">
         <path>c:\ti\ccsv6\tools\compiler\arm_5.1.6\lib\</path>
         <kind>archive</kind>
         <file>rtsv4_A_be_tiarm9.lib</file>
         <name>copy_decompress_none.obj</name>
      </input_file>
      <input_file id="fl-132">
         <path>c:\ti\ccsv6\tools\compiler\arm_5.1.6\lib\</path>
         <kind>archive</kind>
         <file>rtsv4_A_be_tiarm9.lib</file>
         <name>copy_decompress_rle.obj</name>
      </input_file>
      <input_file id="fl-133">
         <path>c:\ti\ccsv6\tools\compiler\arm_5.1.6\lib\</path>
         <kind>archive</kind>
         <file>rtsv4_A_be_tiarm9.lib</file>
         <name>copy_zero_init.obj</name>
      </input_file>
      <input_file id="fl-134">
         <path>c:\ti\ccsv6\tools\compiler\arm_5.1.6\lib\</path>
         <kind>archive</kind>
         <file>rtsv4_A_be_tiarm9.lib</file>
         <name>exit.obj</name>
      </input_file>
      <input_file id="fl-135">
         <path>c:\ti\ccsv6\tools\compiler\arm_5.1.6\lib\</path>
         <kind>archive</kind>
         <file>rtsv4_A_be_tiarm9.lib</file>
         <name>memcpy32.obj</name>
      </input_file>
      <input_file id="fl-136">
         <path>c:\ti\ccsv6\tools\compiler\arm_5.1.6\lib\</path>
         <kind>archive</kind>
         <file>rtsv4_A_be_tiarm9.lib</file>
         <name>stkdepth_vars.obj</name>
      </input_file>
      <input_file id="fl-137">
         <path>c:\ti\ccsv6\tools\compiler\arm_5.1.6\lib\</path>
         <kind>archive</kind>
         <file>rtsv4_A_be_tiarm9.lib</file>
         <name>_lock.obj</name>
      </input_file>
      <input_file id="fl-138">
         <path>c:\ti\ccsv6\tools\compiler\arm_5.1.6\lib\</path>
         <kind>archive</kind>
         <file>rtsv4_A_be_tiarm9.lib</file>
         <name>args_main.obj</name>
      </input_file>
      <input_file id="fl-139">
         <path>c:\ti\ccsv6\tools\compiler\arm_5.1.6\lib\</path>
         <kind>archive</kind>
         <file>rtsv4_A_be_tiarm9.lib</file>
         <name>auto_init.obj</name>
      </input_file>
      <input_file id="fl-13a">
         <path>c:\ti\ccsv6\tools\compiler\arm_5.1.6\lib\</path>
         <kind>archive</kind>
         <file>rtsv4_A_be_tiarm9.lib</file>
         <name>cpy_tbl.obj</name>
      </input_file>
      <input_file id="fl-13b">
         <path>c:\ti\ccsv6\tools\compiler\arm_5.1.6\lib\</path>
         <kind>archive</kind>
         <file>rtsv4_A_be_tiarm9.lib</file>
         <name>icall32.obj</name>
      </input_file>
   </input_file_list>
   <object_component_list>
      <object_component id="oc-4c">
         <name>.text</name>
         <load_address>0x0</load_address>
         <run_address>0x0</run_address>
         <size>0x1c4</size>
         <input_file_ref idref="fl-4"/>
      </object_component>
      <object_component id="oc-4b">
         <name>.text</name>
         <load_address>0x1c4</load_address>
         <run_address>0x1c4</run_address>
         <size>0x180</size>
         <input_file_ref idref="fl-135"/>
      </object_component>
      <object_component id="oc-3a">
         <name>.text</name>
         <load_address>0x344</load_address>
         <run_address>0x344</run_address>
         <size>0xa8</size>
         <input_file_ref idref="fl-139"/>
      </object_component>
      <object_component id="oc-46">
         <name>.text</name>
         <load_address>0x3ec</load_address>
         <run_address>0x3ec</run_address>
         <size>0x8c</size>
         <input_file_ref idref="fl-134"/>
      </object_component>
      <object_component id="oc-48">
         <name>.text</name>
         <load_address>0x478</load_address>
         <run_address>0x478</run_address>
         <size>0x5c</size>
         <input_file_ref idref="fl-13a"/>
      </object_component>
      <object_component id="oc-2">
         <name>.text</name>
         <load_address>0x4d4</load_address>
         <run_address>0x4d4</run_address>
         <size>0x44</size>
         <input_file_ref idref="fl-130"/>
      </object_component>
      <object_component id="oc-4a">
         <name>.text</name>
         <load_address>0x518</load_address>
         <run_address>0x518</run_address>
         <size>0x3c</size>
         <input_file_ref idref="fl-3"/>
      </object_component>
      <object_component id="oc-47">
         <name>.text</name>
         <load_address>0x554</load_address>
         <run_address>0x554</run_address>
         <size>0x24</size>
         <input_file_ref idref="fl-137"/>
      </object_component>
      <object_component id="oc-45">
         <name>.text</name>
         <load_address>0x578</load_address>
         <run_address>0x578</run_address>
         <size>0x20</size>
         <input_file_ref idref="fl-138"/>
      </object_component>
      <object_component id="oc-49">
         <name>.text</name>
         <load_address>0x598</load_address>
         <run_address>0x598</run_address>
         <size>0x20</size>
         <input_file_ref idref="fl-13b"/>
      </object_component>
      <object_component id="oc-3">
         <name>.bss</name>
         <uninitialized>true</uninitialized>
         <run_address>0x634</run_address>
         <size>0x23</size>
         <input_file_ref idref="fl-2"/>
      </object_component>
      <object_component id="oc-11">
         <name>.bss</name>
         <uninitialized>true</uninitialized>
         <run_address>0x668</run_address>
         <size>0x4</size>
         <input_file_ref idref="fl-130"/>
      </object_component>
      <object_component id="oc-23">
         <name>.bss</name>
         <uninitialized>true</uninitialized>
         <run_address>0x660</run_address>
         <size>0x8</size>
         <input_file_ref idref="fl-134"/>
      </object_component>
      <object_component id="oc-2c">
         <name>.bss</name>
         <uninitialized>true</uninitialized>
         <run_address>0x66c</run_address>
         <size>0x4</size>
         <input_file_ref idref="fl-136"/>
      </object_component>
      <object_component id="oc-30">
         <name>.bss</name>
         <uninitialized>true</uninitialized>
         <run_address>0x658</run_address>
         <size>0x8</size>
         <input_file_ref idref="fl-137"/>
      </object_component>
      <object_component id="oc-5">
         <name>.cinit</name>
         <load_address>0x5b8</load_address>
         <run_address>0x5b8</run_address>
         <size>0x40</size>
         <input_file_ref idref="fl-2"/>
      </object_component>
      <object_component id="oc-32">
         <name>.cinit</name>
         <load_address>0x5f8</load_address>
         <run_address>0x5f8</run_address>
         <size>0x10</size>
         <input_file_ref idref="fl-137"/>
      </object_component>
      <object_component id="oc-25">
         <name>.cinit</name>
         <load_address>0x608</load_address>
         <run_address>0x608</run_address>
         <size>0x10</size>
         <input_file_ref idref="fl-134"/>
      </object_component>
      <object_component id="oc-13">
         <name>.cinit</name>
         <load_address>0x618</load_address>
         <run_address>0x618</run_address>
         <size>0xc</size>
         <input_file_ref idref="fl-130"/>
      </object_component>
      <object_component id="oc-2e">
         <name>.cinit</name>
         <load_address>0x624</load_address>
         <run_address>0x624</run_address>
         <size>0xc</size>
         <input_file_ref idref="fl-136"/>
      </object_component>
      <object_component id="oc-4">
         <name>.debug_info</name>
         <load_address>0x0</load_address>
         <run_address>0x0</run_address>
         <size>0x42b</size>
         <input_file_ref idref="fl-2"/>
      </object_component>
      <object_component id="oc-9">
         <name>.debug_info</name>
         <load_address>0x42b</load_address>
         <run_address>0x42b</run_address>
         <size>0x2ae</size>
         <input_file_ref idref="fl-3"/>
      </object_component>
      <object_component id="oc-d">
         <name>.debug_info</name>
         <load_address>0x6d9</load_address>
         <run_address>0x6d9</run_address>
         <size>0xf90</size>
         <input_file_ref idref="fl-4"/>
      </object_component>
      <object_component id="oc-14">
         <name>.debug_info</name>
         <load_address>0x1669</load_address>
         <run_address>0x1669</run_address>
         <size>0xfa</size>
         <input_file_ref idref="fl-130"/>
      </object_component>
      <object_component id="oc-17">
         <name>.debug_info</name>
         <load_address>0x1763</load_address>
         <run_address>0x1763</run_address>
         <size>0x27d</size>
         <input_file_ref idref="fl-131"/>
      </object_component>
      <object_component id="oc-1b">
         <name>.debug_info</name>
         <load_address>0x19e0</load_address>
         <run_address>0x19e0</run_address>
         <size>0x22d</size>
         <input_file_ref idref="fl-132"/>
      </object_component>
      <object_component id="oc-1f">
         <name>.debug_info</name>
         <load_address>0x1c0d</load_address>
         <run_address>0x1c0d</run_address>
         <size>0x243</size>
         <input_file_ref idref="fl-133"/>
      </object_component>
      <object_component id="oc-24">
         <name>.debug_info</name>
         <load_address>0x1e50</load_address>
         <run_address>0x1e50</run_address>
         <size>0x402</size>
         <input_file_ref idref="fl-134"/>
      </object_component>
      <object_component id="oc-29">
         <name>.debug_info</name>
         <load_address>0x2252</load_address>
         <run_address>0x2252</run_address>
         <size>0x140</size>
         <input_file_ref idref="fl-135"/>
      </object_component>
      <object_component id="oc-2d">
         <name>.debug_info</name>
         <load_address>0x2392</load_address>
         <run_address>0x2392</run_address>
         <size>0x205</size>
         <input_file_ref idref="fl-136"/>
      </object_component>
      <object_component id="oc-31">
         <name>.debug_info</name>
         <load_address>0x2597</load_address>
         <run_address>0x2597</run_address>
         <size>0x38a</size>
         <input_file_ref idref="fl-137"/>
      </object_component>
      <object_component id="oc-36">
         <name>.debug_info</name>
         <load_address>0x2921</load_address>
         <run_address>0x2921</run_address>
         <size>0x30a</size>
         <input_file_ref idref="fl-138"/>
      </object_component>
      <object_component id="oc-3b">
         <name>.debug_info</name>
         <load_address>0x2c2b</load_address>
         <run_address>0x2c2b</run_address>
         <size>0x151</size>
         <input_file_ref idref="fl-139"/>
      </object_component>
      <object_component id="oc-3e">
         <name>.debug_info</name>
         <load_address>0x2d7c</load_address>
         <run_address>0x2d7c</run_address>
         <size>0x385</size>
         <input_file_ref idref="fl-13a"/>
      </object_component>
      <object_component id="oc-42">
         <name>.debug_info</name>
         <load_address>0x3101</load_address>
         <run_address>0x3101</run_address>
         <size>0xe6</size>
         <input_file_ref idref="fl-13b"/>
      </object_component>
      <object_component id="oc-68">
         <name>.debug_info</name>
         <load_address>0x31e7</load_address>
         <run_address>0x31e7</run_address>
         <size>0x6a</size>
      </object_component>
      <object_component id="oc-6">
         <name>.debug_frame</name>
         <load_address>0x0</load_address>
         <run_address>0x0</run_address>
         <size>0x36</size>
         <input_file_ref idref="fl-2"/>
      </object_component>
      <object_component id="oc-a">
         <name>.debug_frame</name>
         <load_address>0x36</load_address>
         <run_address>0x36</run_address>
         <size>0x6f</size>
         <input_file_ref idref="fl-3"/>
      </object_component>
      <object_component id="oc-e">
         <name>.debug_frame</name>
         <load_address>0xa5</load_address>
         <run_address>0xa5</run_address>
         <size>0x160</size>
         <input_file_ref idref="fl-4"/>
      </object_component>
      <object_component id="oc-18">
         <name>.debug_frame</name>
         <load_address>0x205</load_address>
         <run_address>0x205</run_address>
         <size>0x36</size>
         <input_file_ref idref="fl-131"/>
      </object_component>
      <object_component id="oc-1c">
         <name>.debug_frame</name>
         <load_address>0x23b</load_address>
         <run_address>0x23b</run_address>
         <size>0x36</size>
         <input_file_ref idref="fl-132"/>
      </object_component>
      <object_component id="oc-20">
         <name>.debug_frame</name>
         <load_address>0x271</load_address>
         <run_address>0x271</run_address>
         <size>0x36</size>
         <input_file_ref idref="fl-133"/>
      </object_component>
      <object_component id="oc-26">
         <name>.debug_frame</name>
         <load_address>0x2a7</load_address>
         <run_address>0x2a7</run_address>
         <size>0x83</size>
         <input_file_ref idref="fl-134"/>
      </object_component>
      <object_component id="oc-33">
         <name>.debug_frame</name>
         <load_address>0x32a</load_address>
         <run_address>0x32a</run_address>
         <size>0x72</size>
         <input_file_ref idref="fl-137"/>
      </object_component>
      <object_component id="oc-37">
         <name>.debug_frame</name>
         <load_address>0x39c</load_address>
         <run_address>0x39c</run_address>
         <size>0x4a</size>
         <input_file_ref idref="fl-138"/>
      </object_component>
      <object_component id="oc-3f">
         <name>.debug_frame</name>
         <load_address>0x3e6</load_address>
         <run_address>0x3e6</run_address>
         <size>0x59</size>
         <input_file_ref idref="fl-13a"/>
      </object_component>
      <object_component id="oc-7">
         <name>.debug_line</name>
         <load_address>0x0</load_address>
         <run_address>0x0</run_address>
         <size>0x51</size>
         <input_file_ref idref="fl-2"/>
      </object_component>
      <object_component id="oc-b">
         <name>.debug_line</name>
         <load_address>0x51</load_address>
         <run_address>0x51</run_address>
         <size>0x53</size>
         <input_file_ref idref="fl-3"/>
      </object_component>
      <object_component id="oc-f">
         <name>.debug_line</name>
         <load_address>0xa4</load_address>
         <run_address>0xa4</run_address>
         <size>0x12d</size>
         <input_file_ref idref="fl-4"/>
      </object_component>
      <object_component id="oc-15">
         <name>.debug_line</name>
         <load_address>0x1d1</load_address>
         <run_address>0x1d1</run_address>
         <size>0x44</size>
         <input_file_ref idref="fl-130"/>
      </object_component>
      <object_component id="oc-19">
         <name>.debug_line</name>
         <load_address>0x215</load_address>
         <run_address>0x215</run_address>
         <size>0x34</size>
         <input_file_ref idref="fl-131"/>
      </object_component>
      <object_component id="oc-1d">
         <name>.debug_line</name>
         <load_address>0x249</load_address>
         <run_address>0x249</run_address>
         <size>0x33</size>
         <input_file_ref idref="fl-132"/>
      </object_component>
      <object_component id="oc-21">
         <name>.debug_line</name>
         <load_address>0x27c</load_address>
         <run_address>0x27c</run_address>
         <size>0x2e</size>
         <input_file_ref idref="fl-133"/>
      </object_component>
      <object_component id="oc-27">
         <name>.debug_line</name>
         <load_address>0x2aa</load_address>
         <run_address>0x2aa</run_address>
         <size>0x71</size>
         <input_file_ref idref="fl-134"/>
      </object_component>
      <object_component id="oc-2a">
         <name>.debug_line</name>
         <load_address>0x31b</load_address>
         <run_address>0x31b</run_address>
         <size>0x97</size>
         <input_file_ref idref="fl-135"/>
      </object_component>
      <object_component id="oc-34">
         <name>.debug_line</name>
         <load_address>0x3b2</load_address>
         <run_address>0x3b2</run_address>
         <size>0x5b</size>
         <input_file_ref idref="fl-137"/>
      </object_component>
      <object_component id="oc-38">
         <name>.debug_line</name>
         <load_address>0x40d</load_address>
         <run_address>0x40d</run_address>
         <size>0x4b</size>
         <input_file_ref idref="fl-138"/>
      </object_component>
      <object_component id="oc-3c">
         <name>.debug_line</name>
         <load_address>0x458</load_address>
         <run_address>0x458</run_address>
         <size>0x72</size>
         <input_file_ref idref="fl-139"/>
      </object_component>
      <object_component id="oc-40">
         <name>.debug_line</name>
         <load_address>0x4ca</load_address>
         <run_address>0x4ca</run_address>
         <size>0x48</size>
         <input_file_ref idref="fl-13a"/>
      </object_component>
      <object_component id="oc-43">
         <name>.debug_line</name>
         <load_address>0x512</load_address>
         <run_address>0x512</run_address>
         <size>0x3f</size>
         <input_file_ref idref="fl-13b"/>
      </object_component>
      <object_component id="oc-8">
         <name>.debug_abbrev</name>
         <load_address>0x0</load_address>
         <run_address>0x0</run_address>
         <size>0x14c</size>
         <input_file_ref idref="fl-2"/>
      </object_component>
      <object_component id="oc-c">
         <name>.debug_abbrev</name>
         <load_address>0x14c</load_address>
         <run_address>0x14c</run_address>
         <size>0xa4</size>
         <input_file_ref idref="fl-3"/>
      </object_component>
      <object_component id="oc-10">
         <name>.debug_abbrev</name>
         <load_address>0x1f0</load_address>
         <run_address>0x1f0</run_address>
         <size>0x110</size>
         <input_file_ref idref="fl-4"/>
      </object_component>
      <object_component id="oc-16">
         <name>.debug_abbrev</name>
         <load_address>0x300</load_address>
         <run_address>0x300</run_address>
         <size>0x37</size>
         <input_file_ref idref="fl-130"/>
      </object_component>
      <object_component id="oc-1a">
         <name>.debug_abbrev</name>
         <load_address>0x337</load_address>
         <run_address>0x337</run_address>
         <size>0xbc</size>
         <input_file_ref idref="fl-131"/>
      </object_component>
      <object_component id="oc-1e">
         <name>.debug_abbrev</name>
         <load_address>0x3f3</load_address>
         <run_address>0x3f3</run_address>
         <size>0xcb</size>
         <input_file_ref idref="fl-132"/>
      </object_component>
      <object_component id="oc-22">
         <name>.debug_abbrev</name>
         <load_address>0x4be</load_address>
         <run_address>0x4be</run_address>
         <size>0x94</size>
         <input_file_ref idref="fl-133"/>
      </object_component>
      <object_component id="oc-28">
         <name>.debug_abbrev</name>
         <load_address>0x552</load_address>
         <run_address>0x552</run_address>
         <size>0x11a</size>
         <input_file_ref idref="fl-134"/>
      </object_component>
      <object_component id="oc-2b">
         <name>.debug_abbrev</name>
         <load_address>0x66c</load_address>
         <run_address>0x66c</run_address>
         <size>0x45</size>
         <input_file_ref idref="fl-135"/>
      </object_component>
      <object_component id="oc-2f">
         <name>.debug_abbrev</name>
         <load_address>0x6b1</load_address>
         <run_address>0x6b1</run_address>
         <size>0x35</size>
         <input_file_ref idref="fl-136"/>
      </object_component>
      <object_component id="oc-35">
         <name>.debug_abbrev</name>
         <load_address>0x6e6</load_address>
         <run_address>0x6e6</run_address>
         <size>0xb9</size>
         <input_file_ref idref="fl-137"/>
      </object_component>
      <object_component id="oc-39">
         <name>.debug_abbrev</name>
         <load_address>0x79f</load_address>
         <run_address>0x79f</run_address>
         <size>0xdb</size>
         <input_file_ref idref="fl-138"/>
      </object_component>
      <object_component id="oc-3d">
         <name>.debug_abbrev</name>
         <load_address>0x87a</load_address>
         <run_address>0x87a</run_address>
         <size>0x69</size>
         <input_file_ref idref="fl-139"/>
      </object_component>
      <object_component id="oc-41">
         <name>.debug_abbrev</name>
         <load_address>0x8e3</load_address>
         <run_address>0x8e3</run_address>
         <size>0xf0</size>
         <input_file_ref idref="fl-13a"/>
      </object_component>
      <object_component id="oc-44">
         <name>.debug_abbrev</name>
         <load_address>0x9d3</load_address>
         <run_address>0x9d3</run_address>
         <size>0x48</size>
         <input_file_ref idref="fl-13b"/>
      </object_component>
      <object_component id="oc-69">
         <name>.debug_abbrev</name>
         <load_address>0xa1b</load_address>
         <run_address>0xa1b</run_address>
         <size>0xd</size>
      </object_component>
      <object_component id="oc-12">
         <name>.stack</name>
         <uninitialized>true</uninitialized>
         <run_address>0x670</run_address>
         <size>0x0</size>
         <input_file_ref idref="fl-130"/>
      </object_component>
      <object_component id="oc-64">
         <name>.stack</name>
         <uninitialized>true</uninitialized>
         <run_address>0x670</run_address>
         <size>0x0</size>
      </object_component>
   </object_component_list>
   <logical_group_list>
      <logical_group id="lg-4d" display="no" color="cyan">
         <name>.text</name>
         <load_address>0x0</load_address>
         <run_address>0x0</run_address>
         <size>0x5b8</size>
         <contents>
            <object_component_ref idref="oc-4c"/>
            <object_component_ref idref="oc-4b"/>
            <object_component_ref idref="oc-3a"/>
            <object_component_ref idref="oc-46"/>
            <object_component_ref idref="oc-48"/>
            <object_component_ref idref="oc-2"/>
            <object_component_ref idref="oc-4a"/>
            <object_component_ref idref="oc-47"/>
            <object_component_ref idref="oc-45"/>
            <object_component_ref idref="oc-49"/>
         </contents>
      </logical_group>
      <logical_group id="lg-4e" display="no" color="cyan">
         <name>.const</name>
         <run_address>0x0</run_address>
         <size>0x0</size>
         <contents>
         </contents>
      </logical_group>
      <logical_group id="lg-4f" display="no" color="cyan">
         <name>.data</name>
         <run_address>0x0</run_address>
         <size>0x0</size>
         <contents>
         </contents>
      </logical_group>
      <logical_group id="lg-50" display="no" color="cyan">
         <name>.bss</name>
         <run_address>0x634</run_address>
         <size>0x3c</size>
         <contents>
            <object_component_ref idref="oc-3"/>
            <object_component_ref idref="oc-11"/>
            <object_component_ref idref="oc-23"/>
            <object_component_ref idref="oc-2c"/>
            <object_component_ref idref="oc-30"/>
         </contents>
      </logical_group>
      <logical_group id="lg-51" display="no" color="cyan">
         <name>.cinit</name>
         <load_address>0x5b8</load_address>
         <run_address>0x5b8</run_address>
         <size>0x7c</size>
         <contents>
            <object_component_ref idref="oc-5"/>
            <object_component_ref idref="oc-32"/>
            <object_component_ref idref="oc-25"/>
            <object_component_ref idref="oc-13"/>
            <object_component_ref idref="oc-2e"/>
         </contents>
      </logical_group>
      <logical_group id="lg-52" display="no" color="cyan">
         <name>.pinit</name>
         <run_address>0x0</run_address>
         <size>0x0</size>
         <contents>
         </contents>
      </logical_group>
      <logical_group id="lg-59" display="never" color="cyan">
         <name>.debug_info</name>
         <load_address>0x0</load_address>
         <run_address>0x0</run_address>
         <size>0x3251</size>
         <contents>
            <object_component_ref idref="oc-4"/>
            <object_component_ref idref="oc-9"/>
            <object_component_ref idref="oc-d"/>
            <object_component_ref idref="oc-14"/>
            <object_component_ref idref="oc-17"/>
            <object_component_ref idref="oc-1b"/>
            <object_component_ref idref="oc-1f"/>
            <object_component_ref idref="oc-24"/>
            <object_component_ref idref="oc-29"/>
            <object_component_ref idref="oc-2d"/>
            <object_component_ref idref="oc-31"/>
            <object_component_ref idref="oc-36"/>
            <object_component_ref idref="oc-3b"/>
            <object_component_ref idref="oc-3e"/>
            <object_component_ref idref="oc-42"/>
            <object_component_ref idref="oc-68"/>
         </contents>
      </logical_group>
      <logical_group id="lg-5b" display="never" color="cyan">
         <name>.debug_frame</name>
         <load_address>0x0</load_address>
         <run_address>0x0</run_address>
         <size>0x43f</size>
         <contents>
            <object_component_ref idref="oc-6"/>
            <object_component_ref idref="oc-a"/>
            <object_component_ref idref="oc-e"/>
            <object_component_ref idref="oc-18"/>
            <object_component_ref idref="oc-1c"/>
            <object_component_ref idref="oc-20"/>
            <object_component_ref idref="oc-26"/>
            <object_component_ref idref="oc-33"/>
            <object_component_ref idref="oc-37"/>
            <object_component_ref idref="oc-3f"/>
         </contents>
      </logical_group>
      <logical_group id="lg-5d" display="never" color="cyan">
         <name>.debug_line</name>
         <load_address>0x0</load_address>
         <run_address>0x0</run_address>
         <size>0x551</size>
         <contents>
            <object_component_ref idref="oc-7"/>
            <object_component_ref idref="oc-b"/>
            <object_component_ref idref="oc-f"/>
            <object_component_ref idref="oc-15"/>
            <object_component_ref idref="oc-19"/>
            <object_component_ref idref="oc-1d"/>
            <object_component_ref idref="oc-21"/>
            <object_component_ref idref="oc-27"/>
            <object_component_ref idref="oc-2a"/>
            <object_component_ref idref="oc-34"/>
            <object_component_ref idref="oc-38"/>
            <object_component_ref idref="oc-3c"/>
            <object_component_ref idref="oc-40"/>
            <object_component_ref idref="oc-43"/>
         </contents>
      </logical_group>
      <logical_group id="lg-5f" display="never" color="cyan">
         <name>.debug_abbrev</name>
         <load_address>0x0</load_address>
         <run_address>0x0</run_address>
         <size>0xa28</size>
         <contents>
            <object_component_ref idref="oc-8"/>
            <object_component_ref idref="oc-c"/>
            <object_component_ref idref="oc-10"/>
            <object_component_ref idref="oc-16"/>
            <object_component_ref idref="oc-1a"/>
            <object_component_ref idref="oc-1e"/>
            <object_component_ref idref="oc-22"/>
            <object_component_ref idref="oc-28"/>
            <object_component_ref idref="oc-2b"/>
            <object_component_ref idref="oc-2f"/>
            <object_component_ref idref="oc-35"/>
            <object_component_ref idref="oc-39"/>
            <object_component_ref idref="oc-3d"/>
            <object_component_ref idref="oc-41"/>
            <object_component_ref idref="oc-44"/>
            <object_component_ref idref="oc-69"/>
         </contents>
      </logical_group>
      <logical_group id="lg-61" display="no" color="cyan">
         <name>.stack</name>
         <run_address>0x670</run_address>
         <size>0x800</size>
         <contents>
            <object_component_ref idref="oc-12"/>
            <object_component_ref idref="oc-64"/>
         </contents>
      </logical_group>
   </logical_group_list>
   <placement_map>
      <memory_area display="yes" color="green">
         <name>RAM</name>
         <page_id>0x0</page_id>
         <origin>0x0</origin>
         <length>0xffffffff</length>
         <used_space>0xe70</used_space>
         <unused_space>0xfffff18f</unused_space>
         <attributes>RWIX</attributes>
         <usage_details>
            <allocated_space>
               <start_address>0x0</start_address>
               <size>0x0</size>
               <logical_group_ref idref="lg-4f"/>
            </allocated_space>
            <allocated_space>
               <start_address>0x0</start_address>
               <size>0x5b8</size>
               <logical_group_ref idref="lg-4d"/>
            </allocated_space>
            <allocated_space>
               <start_address>0x5b8</start_address>
               <size>0x7c</size>
               <logical_group_ref idref="lg-51"/>
            </allocated_space>
            <allocated_space>
               <start_address>0x634</start_address>
               <size>0x3c</size>
               <logical_group_ref idref="lg-50"/>
            </allocated_space>
            <allocated_space>
               <start_address>0x670</start_address>
               <size>0x800</size>
               <logical_group_ref idref="lg-61"/>
            </allocated_space>
            <available_space>
               <start_address>0xe70</start_address>
               <size>0xfffff18f</size>
            </available_space>
         </usage_details>
      </memory_area>
   </placement_map>
   <symbol_table>
      <symbol id="sm-0">
         <name>cinit</name>
         <value>0x5b8</value>
      </symbol>
      <symbol id="sm-1">
         <name>___cinit__</name>
         <value>0x5b8</value>
      </symbol>
      <symbol id="sm-2">
         <name>pinit</name>
         <value>0xffffffff</value>
      </symbol>
      <symbol id="sm-3">
         <name>___pinit__</name>
         <value>0xffffffff</value>
      </symbol>
      <symbol id="sm-4">
         <name>binit</name>
         <value>0xffffffff</value>
      </symbol>
      <symbol id="sm-5">
         <name>___binit__</name>
         <value>0xffffffff</value>
      </symbol>
      <symbol id="sm-6">
         <name>__STACK_SIZE</name>
         <value>0x800</value>
      </symbol>
      <symbol id="sm-7">
         <name>__STACK_END</name>
         <value>0xe70</value>
      </symbol>
      <symbol id="sm-8">
         <name>___c_args__</name>
         <value>0xffffffff</value>
      </symbol>
      <symbol id="sm-9">
         <name>.text</name>
         <value>0x0</value>
      </symbol>
      <symbol id="sm-a">
         <name>___text__</name>
         <value>0x0</value>
      </symbol>
      <symbol id="sm-b">
         <name>etext</name>
         <value>0x5b8</value>
      </symbol>
      <symbol id="sm-c">
         <name>___etext__</name>
         <value>0x5b8</value>
      </symbol>
      <symbol id="sm-d">
         <name>.data</name>
         <value>0x0</value>
      </symbol>
      <symbol id="sm-e">
         <name>___data__</name>
         <value>0x0</value>
      </symbol>
      <symbol id="sm-f">
         <name>edata</name>
         <value>0x0</value>
      </symbol>
      <symbol id="sm-10">
         <name>___edata__</name>
         <value>0x0</value>
      </symbol>
      <symbol id="sm-11">
         <name>.bss</name>
         <value>0x634</value>
      </symbol>
      <symbol id="sm-12">
         <name>___bss__</name>
         <value>0x634</value>
      </symbol>
      <symbol id="sm-13">
         <name>end</name>
         <value>0x670</value>
      </symbol>
      <symbol id="sm-14">
         <name>___end__</name>
         <value>0x670</value>
      </symbol>
      <symbol id="sm-3b">
         <name>_g_ucLED2Pin</name>
         <value>0x655</value>
         <object_component_ref idref="oc-3"/>
      </symbol>
      <symbol id="sm-3c">
         <name>_g_uiLED2Port</name>
         <value>0x64c</value>
         <object_component_ref idref="oc-3"/>
      </symbol>
      <symbol id="sm-3d">
         <name>_g_uiLED3Port</name>
         <value>0x650</value>
         <object_component_ref idref="oc-3"/>
      </symbol>
      <symbol id="sm-3e">
         <name>_g_ucLED1Pin</name>
         <value>0x654</value>
         <object_component_ref idref="oc-3"/>
      </symbol>
      <symbol id="sm-3f">
         <name>_g_uiLED1Port</name>
         <value>0x648</value>
         <object_component_ref idref="oc-3"/>
      </symbol>
      <symbol id="sm-40">
         <name>_g_ucLED3Pin</name>
         <value>0x656</value>
         <object_component_ref idref="oc-3"/>
      </symbol>
      <symbol id="sm-52">
         <name>_main</name>
         <value>0x540</value>
         <object_component_ref idref="oc-4a"/>
      </symbol>
      <symbol id="sm-53">
         <name>_SetupTimer</name>
         <value>0x518</value>
         <object_component_ref idref="oc-4a"/>
      </symbol>
      <symbol id="sm-74">
         <name>_Timer_IF_GetCount</name>
         <value>0x18c</value>
         <object_component_ref idref="oc-4c"/>
      </symbol>
      <symbol id="sm-75">
         <name>_Timer_IF_InterruptClear</name>
         <value>0xb8</value>
         <object_component_ref idref="oc-4c"/>
      </symbol>
      <symbol id="sm-76">
         <name>_Timer_IF_ReLoad</name>
         <value>0x164</value>
         <object_component_ref idref="oc-4c"/>
      </symbol>
      <symbol id="sm-77">
         <name>_Timer_IF_Stop</name>
         <value>0x118</value>
         <object_component_ref idref="oc-4c"/>
      </symbol>
      <symbol id="sm-78">
         <name>_Timer_IF_Start</name>
         <value>0xe4</value>
         <object_component_ref idref="oc-4c"/>
      </symbol>
      <symbol id="sm-79">
         <name>_Timer_IF_Init</name>
         <value>0x0</value>
         <object_component_ref idref="oc-4c"/>
      </symbol>
      <symbol id="sm-7a">
         <name>_Timer_IF_IntSetup</name>
         <value>0x50</value>
         <object_component_ref idref="oc-4c"/>
      </symbol>
      <symbol id="sm-7b">
         <name>_Timer_IF_DeInit</name>
         <value>0x138</value>
         <object_component_ref idref="oc-4c"/>
      </symbol>
      <symbol id="sm-7c">
         <name>_TimerIntRegister</name>
         <value>0x0</value>
      </symbol>
      <symbol id="sm-7d">
         <name>_PRCMPeripheralClkEnable</name>
         <value>0x0</value>
      </symbol>
      <symbol id="sm-7e">
         <name>_TimerLoadSet</name>
         <value>0x0</value>
      </symbol>
      <symbol id="sm-7f">
         <name>_TimerIntUnregister</name>
         <value>0x0</value>
      </symbol>
      <symbol id="sm-80">
         <name>_TimerEnable</name>
         <value>0x0</value>
      </symbol>
      <symbol id="sm-81">
         <name>_TimerIntDisable</name>
         <value>0x0</value>
      </symbol>
      <symbol id="sm-82">
         <name>_TimerDisable</name>
         <value>0x0</value>
      </symbol>
      <symbol id="sm-83">
         <name>_TimerIntClear</name>
         <value>0x0</value>
      </symbol>
      <symbol id="sm-84">
         <name>_TimerValueGet</name>
         <value>0x0</value>
      </symbol>
      <symbol id="sm-85">
         <name>_TimerIntStatus</name>
         <value>0x0</value>
      </symbol>
      <symbol id="sm-86">
         <name>_PRCMPeripheralReset</name>
         <value>0x0</value>
      </symbol>
      <symbol id="sm-87">
         <name>_TimerPrescaleSet</name>
         <value>0x0</value>
      </symbol>
      <symbol id="sm-88">
         <name>_TimerIntEnable</name>
         <value>0x0</value>
      </symbol>
      <symbol id="sm-89">
         <name>_TimerConfigure</name>
         <value>0x0</value>
      </symbol>
      <symbol id="sm-9f">
         <name>_c_int00</name>
         <value>0x4d4</value>
         <object_component_ref idref="oc-2"/>
      </symbol>
      <symbol id="sm-a0">
         <name>__stack</name>
         <value>0x670</value>
         <object_component_ref idref="oc-12"/>
      </symbol>
      <symbol id="sm-a1">
         <name>_stkchk_called</name>
         <value>0x668</value>
         <object_component_ref idref="oc-11"/>
      </symbol>
      <symbol id="sm-d5">
         <name>C$$EXIT</name>
         <value>0x3ec</value>
         <object_component_ref idref="oc-46"/>
      </symbol>
      <symbol id="sm-d6">
         <name>_exit</name>
         <value>0x400</value>
         <object_component_ref idref="oc-46"/>
      </symbol>
      <symbol id="sm-d7">
         <name>___TI_cleanup_ptr</name>
         <value>0x660</value>
         <object_component_ref idref="oc-23"/>
      </symbol>
      <symbol id="sm-d8">
         <name>_abort</name>
         <value>0x3f4</value>
         <object_component_ref idref="oc-46"/>
      </symbol>
      <symbol id="sm-d9">
         <name>___TI_dtors_ptr</name>
         <value>0x664</value>
         <object_component_ref idref="oc-23"/>
      </symbol>
      <symbol id="sm-f3">
         <name>C_MEMCPY</name>
         <value>0x1c4</value>
         <object_component_ref idref="oc-4b"/>
      </symbol>
      <symbol id="sm-fe">
         <name>_main_func_sp</name>
         <value>0x66c</value>
         <object_component_ref idref="oc-2c"/>
      </symbol>
      <symbol id="sm-117">
         <name>__unlock</name>
         <value>0x65c</value>
         <object_component_ref idref="oc-30"/>
      </symbol>
      <symbol id="sm-118">
         <name>__lock</name>
         <value>0x658</value>
         <object_component_ref idref="oc-30"/>
      </symbol>
      <symbol id="sm-119">
         <name>__register_lock</name>
         <value>0x560</value>
         <object_component_ref idref="oc-47"/>
      </symbol>
      <symbol id="sm-11a">
         <name>__nop</name>
         <value>0x56c</value>
         <object_component_ref idref="oc-47"/>
      </symbol>
      <symbol id="sm-11b">
         <name>__register_unlock</name>
         <value>0x554</value>
         <object_component_ref idref="oc-47"/>
      </symbol>
      <symbol id="sm-129">
         <name>__args_main</name>
         <value>0x578</value>
         <object_component_ref idref="oc-45"/>
      </symbol>
      <symbol id="sm-12a">
         <name>__TI_args_main</name>
         <value>0x1</value>
      </symbol>
      <symbol id="sm-142">
         <name>__TI_auto_init</name>
         <value>0x344</value>
         <object_component_ref idref="oc-3a"/>
      </symbol>
      <symbol id="sm-151">
         <name>_copy_in</name>
         <value>0x478</value>
         <object_component_ref idref="oc-48"/>
      </symbol>
      <symbol id="sm-15d">
         <name>IND_CALL</name>
         <value>0x598</value>
         <object_component_ref idref="oc-49"/>
      </symbol>
   </symbol_table>
   <title>Link errors: red sections failed placement</title>
</link_info>
